C51 COMPILER V8.02   MAIN                                                                  01/16/2016 10:52:05 PAGE 1   


C51 COMPILER V8.02, COMPILATION OF MODULE MAIN
OBJECT MODULE PLACED IN main.OBJ
COMPILER INVOKED BY: G:\单片机软件\Keil\C51\BIN\C51.EXE main.c BROWSE DEBUG OBJECTEXTEND

line level    source

   1          //外部中断控制LED闪烁，针对教材设计
   2          //按键按下，P3.2端口下降沿触发中断，LED状态改变
   3          //设计：单片机创新工作室--王曙光设计，2015年12月15日
   4          #include<reg51.h>
   5          sbit LED = P0^0;
   6          void timer0_isr()interrupt 0
   7          {
   8   1              LED = !LED;
   9   1      }
  10          void timer0_init()              //中断初始化
  11          {
  12   1              IT0 = 1;                        //TCON中控制INT0触发方式位，INT0下降沿触发中断
  13   1              EA = 1;                         //总中断允许
  14   1              EX0 = 1;                        //中断允许
  15   1      }
  16          void main()
  17          {
  18   1              P0 = 0x00;                      //让LED全灭
  19   1              timer0_init();          
  20   1              while(1);                       //等待中断
  21   1      }


MODULE INFORMATION:   STATIC OVERLAYABLE
   CODE SIZE        =     18    ----
   CONSTANT SIZE    =   ----    ----
   XDATA SIZE       =   ----    ----
   PDATA SIZE       =   ----    ----
   DATA SIZE        =   ----    ----
   IDATA SIZE       =   ----    ----
   BIT SIZE         =   ----    ----
END OF MODULE INFORMATION.


C51 COMPILATION COMPLETE.  0 WARNING(S),  0 ERROR(S)
