C51 COMPILER V9.00   MAIN                                                                  05/07/2017 15:17:03 PAGE 1   


C51 COMPILER V9.00, COMPILATION OF MODULE MAIN
OBJECT MODULE PLACED IN main.OBJ
COMPILER INVOKED BY: D:\°²×°Ä¿Â¼\keil4\C51\BIN\C51.EXE main.c BROWSE DEBUG OBJECTEXTEND

line level    source

   1          #include<reg51.h>
   2          code unsigned char seven_seg[] ={0xc0,0xf9,0xa4,0xb0,0x99,0x92,
   3                                  0x82,0xf8,0x80,0x90};
   4          unsigned char i,cp;
   5          void timer0_isr()interrupt 1
   6          {
   7   1              TL0 = (65536-5000)%256;
   8   1              TH0 = (65536-5000)/256;
   9   1              cp++;
  10   1              if(cp>=200)
  11   1              {
  12   2                      i++;
  13   2                      cp = 0;
  14   2              }
  15   1                      if(i>=10)i=0;
  16   1                      P0=seven_seg[i];
  17   1                      
  18   1      }
  19          void timer0_init()
  20          {
  21   1              TMOD = 0x01;
  22   1              TL0 = (65536-5000)%256;
  23   1              TH0 = (65536-5000)/256;
  24   1              EA = 1;
  25   1              ET0 = 1;
  26   1              TR0 = 1;
  27   1      }
  28          void main()
  29          {
  30   1              timer0_init();
  31   1              while(1);
  32   1      }          


MODULE INFORMATION:   STATIC OVERLAYABLE
   CODE SIZE        =     76    ----
   CONSTANT SIZE    =     10    ----
   XDATA SIZE       =   ----    ----
   PDATA SIZE       =   ----    ----
   DATA SIZE        =      2    ----
   IDATA SIZE       =   ----    ----
   BIT SIZE         =   ----    ----
END OF MODULE INFORMATION.


C51 COMPILATION COMPLETE.  0 WARNING(S),  0 ERROR(S)
