C51 COMPILER V9.00   MAIN                                                                  09/06/2017 10:05:17 PAGE 1   


C51 COMPILER V9.00, COMPILATION OF MODULE MAIN
OBJECT MODULE PLACED IN main.OBJ
COMPILER INVOKED BY: E:\keil\C51\BIN\C51.EXE main.c BROWSE DEBUG OBJECTEXTEND

line level    source

   1          //电子表，针对教材设计
   2          //用共阳数码管在P0口、P2口以及74hc04芯片驱动下，显示24小时制电子表 
   3          //电子表程序是利用STC8591内部的定时∕计数器实现精确计数。
   4          //电子表共有四个按键key1、key2、key3、key4分别实现调模式、
   5          //增加、减少、复位功能，其中调模式按键key1可以分别调节小时、分钟、秒钟、闹铃      
   6          //设计：单片机创新工作室--王曙光设计，2015年12月15日
   7          #include<reg51.h>
   8          #include<key.c>
   9          unsigned char i,j,k;
  10          unsigned char seven_seg[] = {0xc0,0xf9,0xa4,0xb0,0x99,
  11                                                                          0x92,0x82,0xf8,0x80,0x90};
  12          unsigned char flash;
  13          sbit SW = P3^3;                                                                                                                                         //接继电器驱动电路，低电平继电器吸合，控制电铃
  14          void timer0_isr(void) interrupt 1
  15          {
  16   1              TH0 = 0xf8;
  17   1              TL0 = 0x2f;
  18   1              i++;
  19   1              if(i >= 250)                                                                                                                                    //半秒时间到
  20   1              {
  21   2                      flash = ~flash;                                                                                                                         //得到8位闪烁变量
  22   2                      i = 0;
  23   2                      j++;
  24   2              }
  25   1              if(j >= 2)                                                                                                                                              //1分钟到
  26   1              {
  27   2                      sec++;
  28   2                      j = 0;
  29   2              }                                                                                                       
  30   1              if(sec >= 60)                                                                                                                                   //1分钟到
  31   1              {                                                                                                                                               
  32   2                      min++;
  33   2                      sec = 0;
  34   2              }
  35   1              if(min >= 60)                                                                                                                                   //1小时到
  36   1              {                                                                                               
  37   2                      hour++;
  38   2                      min = 0;
  39   2              }
  40   1              if(hour >= 24)   
  41   1              hour = 0;
  42   1              P0 = 0xff;                                                                                                                                              //Protuse软件仿真消隐
  43   1              if(key1_flag == 0)                                                                                                                              //正常走时
  44   1              {
  45   2                      switch(k)
  46   2                      {
  47   3                              case 0:P0 = seven_seg[sec % 10]; P2 = ~0x01;break;
  48   3                              case 1:P0 = seven_seg[sec / 10]; P2 = ~0x02;break;
  49   3                              case 2:P0 = seven_seg[min % 10] & (0x7f | flash); P2 = ~0x04;break;             //小数点闪烁
  50   3                              case 3:P0 = seven_seg[min / 10]; P2 = ~0x08;break;
  51   3                              case 4:P0 = seven_seg[hour % 10] & (0x7f | flash); P2 = ~0x10;break;    //小数点闪烁
  52   3                              case 5:P0 = seven_seg[hour / 10]; P2 = ~0x20;break;
  53   3                      }
  54   2              }
  55   1              if(key1_flag == 1)                                                                                                                              //调小时，小时闪烁
C51 COMPILER V9.00   MAIN                                                                  09/06/2017 10:05:17 PAGE 2   

  56   1              {
  57   2                      j = 0;
  58   2                      switch(k)
  59   2                      {
  60   3                              case 0: P0 = seven_seg[sec_t % 10]; P2 = ~0x01;break;
  61   3                              case 1: P0 = seven_seg[sec_t / 10]; P2 = ~0x02;break;
  62   3                              case 2: P0 = seven_seg[min_t % 10]; P2 = ~0x04;break;
  63   3                              case 3: P0 = seven_seg[min_t / 10]; P2 = ~0x08;break;
  64   3                              case 4: P0 = seven_seg[hour_t % 10] | flash; P2 = ~0x10;break;                  //小时闪烁
  65   3                              case 5: P0 = seven_seg[hour_t / 10] | flash; P2 = ~0x20;break;                  //小时闪烁
  66   3                      }
  67   2              }
  68   1              if(key1_flag == 2)                                                                                                                              //调分钟
  69   1              {
  70   2                      j = 0;
  71   2                      switch(k)
  72   2                      {
  73   3                              case 0: P0 = seven_seg[sec_t % 10]; P2 = ~0x01;break;
  74   3                              case 1: P0 = seven_seg[sec_t / 10]; P2 = ~0x02;break;
  75   3                              case 2: P0 = seven_seg[min_t % 10]| flash; P2 = ~0x04;break;                    //分闪烁
  76   3                              case 3: P0 = seven_seg[min_t / 10]| flash; P2 = ~0x08;break;                    //分闪烁
  77   3                              case 4: P0 = seven_seg[hour_t % 10] ; P2 = ~0x10;break;
  78   3                              case 5: P0 = seven_seg[hour_t / 10]; P2 = ~0x20;break;
  79   3                      }
  80   2              }       
  81   1              if(key1_flag == 3)                                                                                                                              //调秒
  82   1              {
  83   2                      j = 0;
  84   2                      switch(k)
  85   2                      {
  86   3                              case 0: P0 = seven_seg[sec_t % 10]| flash; P2 = ~0x01;break;                    //秒闪烁
  87   3                              case 1: P0 = seven_seg[sec_t / 10]| flash; P2 = ~0x02;break;                    //秒闪烁
  88   3                              case 2: P0 = seven_seg[min_t % 10]; P2 = ~0x04;break;
  89   3                              case 3: P0 = seven_seg[min_t / 10]; P2 = ~0x08;break;
  90   3                              case 4: P0 = seven_seg[hour_t % 10] ; P2 = ~0x10;break;
  91   3                              case 5: P0 = seven_seg[hour_t / 10]; P2 = ~0x20;break;
  92   3                      }
  93   2              }
  94   1              if(key1_flag == 4)                                                                                                                              //调定闹小时
  95   1              {
  96   2                      j = 0;
  97   2                      switch(k)
  98   2                      {
  99   3                              case 0: P0 = seven_seg[min_r % 10]; P2 = ~0x01;break;
 100   3                              case 1: P0 = seven_seg[min_r / 10]; P2 = ~0x02;break;
 101   3                              case 2: P0 = seven_seg[hour_r % 10]| flash; P2 = ~0x04;break;                   //定闹小时闪烁
 102   3                              case 3: P0 = seven_seg[hour_r  / 10]| flash; P2 = ~0x08;break;                  //定闹小时闪烁
 103   3                              case 4: P0 = 0xff;P2 = ~0x10;break;                                                                             //不显示
 104   3                              case 5: P0 = 0x0c;P2 = ~0x20;break;                                                                             //显示字符"P"
 105   3                      }
 106   2              }
 107   1              if(key1_flag == 5)                                                                                                                              //调定闹分钟
 108   1              {
 109   2                      j = 0;
 110   2                      switch(k)
 111   2                      {
 112   3                              case 0: P0 = seven_seg[min_r % 10]| flash; P2 = ~0x01;break;                    //定闹分闪烁
 113   3                              case 1: P0 = seven_seg[min_r / 10]| flash; P2 = ~0x02;break;                    //定闹分闪烁
 114   3                              case 2: P0 = seven_seg[hour_r % 10]; P2 = ~0x04;break;
 115   3                              case 3: P0 = seven_seg[hour_r  / 10]; P2 = ~0x08;break;
 116   3                              case 4: P0 = 0xff;P2 = ~0x10;break;                                                                             //不显示
 117   3                              case 5: P0 = 0x0c;P2 = ~0x20;break;                                                                             //显示字符"P"
C51 COMPILER V9.00   MAIN                                                                  09/06/2017 10:05:17 PAGE 3   

 118   3                      }
 119   2              }
 120   1              k++;
 121   1              if(k >= 6)k = 0;
 122   1      }
 123          void timer0_initi(void)                                                                                                                         //中断初始化函数
 124          {
 125   1              TMOD = 0x01;                                                                                                                                    
 126   1              TH0 = 0xf8;
 127   1              TL0 = 0x2f;                                                                                                                                             //每次触发中断后从装初值，使下次对机器脉冲计数2000个计满溢出引发中断  约0.2m
             -s
 128   1              EA = 1;                                                                                                                                                 //开总中断
 129   1              TR0 = 1;                                                                                                                                                //启动定时器T0
 130   1              ET0 = 1;                                                                                                                                                //开T0中断
 131   1      }
 132          void main(void)
 133          {
 134   1              timer0_initi();
 135   1              while(1)
 136   1              {
 137   2                      key();                                                                                                                                          //调用按键函数
 138   2                      if(min == min_r && hour == hour_r)                                                                                      //当时间等于闹钟                        
 139   2                      SW = 1;                                                                                                                                         //闹铃响起
 140   2                      else 
 141   2                      SW = 0;
 142   2              }
 143   1      }


MODULE INFORMATION:   STATIC OVERLAYABLE
   CODE SIZE        =   1348    ----
   CONSTANT SIZE    =   ----    ----
   XDATA SIZE       =   ----    ----
   PDATA SIZE       =   ----    ----
   DATA SIZE        =     23    ----
   IDATA SIZE       =   ----    ----
   BIT SIZE         =      4    ----
END OF MODULE INFORMATION.


C51 COMPILATION COMPLETE.  0 WARNING(S),  0 ERROR(S)
