C51 COMPILER V8.02   MAIN                                                                  07/30/2008 18:40:50 PAGE 1   


C51 COMPILER V8.02, COMPILATION OF MODULE MAIN
OBJECT MODULE PLACED IN main.OBJ
COMPILER INVOKED BY: C:\Keil\C51\BIN\C51.EXE main.c BROWSE DEBUG OBJECTEXTEND

line level    source

   1          //TLC549应用，针对教材设计
   2          //实时读取读取tlc549的检测电压数据
   3          //设计：单片机创新工作室--王曙光设计，2015年12月15日
   4          #include<reg52.h>
   5          #include<tlc549.c>
   6          code uchar  seven_seg[] = {0xc0,0xf9,0xa4,0xb0,0x99,                                                                            
   7                                                                  0x92,0x82,0xf8,0x80,0x90};                                                                                      //数字0~9的显示方法
   8          uchar cp1,cp2;
   9          uint dat_ad;
  10          /***************中断T0初始化函数**************/
  11          void timer0_isr(void) interrupt 1                                                                                                                               // timer0中断服务函数
  12          {
  13   1              TL0 = (65535 - 5000) % 255;
  14   1              TH0 = (65535 - 5000) / 255;             
  15   1              cp1++;
  16   1              if(cp1 >= 100)                                                                                                                                                          //0.5秒
  17   1              {
  18   2                      cp1 = 0;
  19   2                      dat_ad = tlc549_ad();
  20   2                      dat_ad = dat_ad * 1.96;                                                                                                                                         //数据255对应模拟电压5V 
  21   2              }
  22   1              P0 = 0xff;                                                                                                                                                                      //Protuse仿真时用于消隐
  23   1              switch(cp2)
  24   1              {
  25   2                      case 0: P0 = seven_seg[dat_ad % 10];P2 = ~0x01; break;          
  26   2                      case 1: P0 = seven_seg[dat_ad / 10 %10];P2 = ~0x02; break;      
  27   2                      case 2: P0 = seven_seg[dat_ad / 100] & 0x7f;P2 = ~0x04; break;                                                  //加上小数点    
  28   2              }                
  29   1              cp2++;
  30   1              if(cp2 >= 3)
  31   1              cp2 = 0;
  32   1      }
  33          /**************中断T0中断服务函数************/
  34          void timer0_init (void)                                                                                                                                         // timer0中断初始化函数
  35          {                   
  36   1              TMOD = 0x01;                                  
  37   1              TL0 = (65535 - 5000) % 255;
  38   1              TH0 = (65536 - 5000) / 256;                                     
  39   1              ET0 = 1;                     
  40   1              EA = 1;                      
  41   1              TR0 = 1;                      
  42   1      }
  43          /**************主函数*********************/                                             
  44          void main(void)                                                                                                                                                                 //主程序
  45          {  
  46   1              timer0_init();
  47   1              while(1);
  48   1      }


MODULE INFORMATION:   STATIC OVERLAYABLE
   CODE SIZE        =    281    ----
   CONSTANT SIZE    =     10    ----
   XDATA SIZE       =   ----    ----
   PDATA SIZE       =   ----    ----
C51 COMPILER V8.02   MAIN                                                                  07/30/2008 18:40:50 PAGE 2   

   DATA SIZE        =      4    ----
   IDATA SIZE       =   ----    ----
   BIT SIZE         =   ----    ----
END OF MODULE INFORMATION.


C51 COMPILATION COMPLETE.  0 WARNING(S),  0 ERROR(S)
