C51 COMPILER V9.56.0.0   MAIN                                                              05/24/2018 10:09:50 PAGE 1   


C51 COMPILER V9.56.0.0, COMPILATION OF MODULE MAIN
OBJECT MODULE PLACED IN .\Objects\main.obj
COMPILER INVOKED BY: E:\keil\C51\BIN\C51.EXE main.c OPTIMIZE(8,SPEED) BROWSE DEBUG OBJECTEXTEND PRINT(.\Listings\main.ls
                    -t) TABS(2) OBJECT(.\Objects\main.obj)

line level    source

   1          #include<stc15f2k60s2.h>
   2          #include<define.c>
   3          #include<ds18b20.c>
   4          #include<ds1302.c>
   5          #include<iic.c>
   6          #include<key.c>
   7          void main()
   8          {
   9   1        banzi_init();
  10   1        Timer0Init();
  11   1        Timer1Init();
  12   1        EA = 1;
  13   1        ET0 = 1;
  14   1        DS1302_init();
  15   1        while(1)
  16   1        {
  17   2          ceju();
  18   2      //    yi = juli / 100;
  19   2      //    er = juli % 100 / 10;
  20   2      //    san = juli % 10;
  21   2          
  22   2          wendu = DS18B20_Get();
  23   2      //    yi = wendu / 10;
  24   2      //    er = wendu % 10;
  25   2      //    san = wenxiaoshu / 10;
  26   2          
  27   2          DS1302_write();
  28   2      //    yi = shijian[2] / 10;
  29   2      //    er = shijian[2] % 10;
  30   2      //    san = 10;
  31   2      //    si = shijian[1] / 10;
  32   2      //    wu = shijian[1] % 10;
  33   2      //    liu = 10;
  34   2      //    qi = shijian[0] / 10;
  35   2      //    ba = shijian[0] % 10;
  36   2          
  37   2          dianya = AD(0x03);
  38   2          dianya = dianya * 0.39;
  39   2          yi = dianya / 10;
  40   2          er = dianya % 10;
  41   2        //  xianshi();
  42   2        keyscan();
  43   2        if(kai == 1)
  44   2        {
  45   3          P2 = 0x80;
  46   3          P0 = 0xfe;
  47   3        }
  48   2      //  else if(kai_1 == 1)
  49   2      //  {
  50   2      //    P2 = 0x80;
  51   2      //    P0 = 0xf0;
  52   2      //  }
  53   2        }
  54   1      } 
C51 COMPILER V9.56.0.0   MAIN                                                              05/24/2018 10:09:50 PAGE 2   

  55          
  56          


MODULE INFORMATION:   STATIC OVERLAYABLE
   CODE SIZE        =   1686    ----
   CONSTANT SIZE    =     12    ----
   XDATA SIZE       =   ----    ----
   PDATA SIZE       =   ----    ----
   DATA SIZE        =     24       1
   IDATA SIZE       =   ----    ----
   BIT SIZE         =      5       2
END OF MODULE INFORMATION.


C51 COMPILATION COMPLETE.  0 WARNING(S),  0 ERROR(S)
