C51 COMPILER V9.56.0.0   MAIN                                                              05/23/2018 21:18:22 PAGE 1   


C51 COMPILER V9.56.0.0, COMPILATION OF MODULE MAIN
OBJECT MODULE PLACED IN .\Objects\main.obj
COMPILER INVOKED BY: E:\keil\C51\BIN\C51.EXE main.c OPTIMIZE(8,SPEED) BROWSE DEBUG OBJECTEXTEND PRINT(.\Listings\main.ls
                    -t) TABS(2) OBJECT(.\Objects\main.obj)

line level    source

   1          #include<stc15f2k60s2.h>
   2          #include<intrins.h>
   3          
   4          unsigned char aaa[] = "zm\r\n";
   5          unsigned char zzz[] = "lmz\r\n";
   6          unsigned char num,flag;
   7          
   8          void banzi_init()
   9          {
  10   1        P2 = 0xa0;
  11   1        P0 = 0x00;
  12   1        
  13   1        P2 = 0x80;
  14   1        P0 = 0xff;
  15   1        
  16   1        P2 = 0xc0;
  17   1        P0 = 0xff;
  18   1        P2 = 0xff;
  19   1        P0 = 0xff;
  20   1      }
  21          
  22          void Delay1ms()   //@11.0592MHz
  23          {
  24   1        unsigned char i, j;
  25   1      
  26   1        _nop_();
  27   1        _nop_();
  28   1        _nop_();
  29   1        i = 11;
  30   1        j = 190;
  31   1        do
  32   1        {
  33   2          while (--j);
  34   2        } while (--i);
  35   1      }
  36          
  37          
  38          void UartInit(void)   //9600bps@11.0592MHz
  39          {
  40   1        SCON = 0x50;    //8位数据,可变波特率
  41   1        AUXR |= 0x40;   //定时器1时钟为Fosc,即1T
  42   1        AUXR &= 0xFE;   //串口1选择定时器1为波特率发生器
  43   1        TMOD &= 0x0F;   //设定定时器1为16位自动重装方式
  44   1        TL1 = 0xE0;   //设定定时初值
  45   1        TH1 = 0xFE;   //设定定时初值
  46   1        ET1 = 0;    //禁止定时器1中断
  47   1        TR1 = 1;    //启动定时器1
  48   1      }
  49          
  50          void Uart() interrupt 4 using 1
  51          {
  52   1        RI = 0;
  53   1        num = SBUF;
  54   1        if(num == 'A')
C51 COMPILER V9.56.0.0   MAIN                                                              05/23/2018 21:18:22 PAGE 2   

  55   1        {
  56   2          P2 = 0x80;
  57   2          P0 = 0xfe;
  58   2        }
  59   1      }
  60          
  61          void send(unsigned char *p)
  62          {
  63   1        unsigned char i = 0;
  64   1        do
  65   1        {
  66   2          SBUF = p[i++];
  67   2          while(TI == 0);
  68   2          TI = 0;
  69   2        }while(p[i] != 0);
  70   1      }
  71          
  72          void key()
  73          {
  74   1        if(P30 == 0)
  75   1        {
  76   2          Delay1ms();
  77   2          if(P30 == 0)
  78   2          {
  79   3            while(P30 == 0);
  80   3            send(aaa);
  81   3          }
  82   2        }
  83   1      }
  84          
  85          void main()
  86          {
  87   1        banzi_init();
  88   1        UartInit();
  89   1        EA = 1;
  90   1        ES = 1;
  91   1        while(1)
  92   1        {
  93   2          key();
  94   2        }
  95   1      } 


MODULE INFORMATION:   STATIC OVERLAYABLE
   CODE SIZE        =    171    ----
   CONSTANT SIZE    =   ----    ----
   XDATA SIZE       =   ----    ----
   PDATA SIZE       =   ----    ----
   DATA SIZE        =     13       3
   IDATA SIZE       =   ----    ----
   BIT SIZE         =   ----    ----
END OF MODULE INFORMATION.


C51 COMPILATION COMPLETE.  0 WARNING(S),  0 ERROR(S)
