C51 COMPILER V8.02   MAIN                                                                  01/16/2016 12:13:53 PAGE 1   


C51 COMPILER V8.02, COMPILATION OF MODULE MAIN
OBJECT MODULE PLACED IN main.OBJ
COMPILER INVOKED BY: G:\单片机软件\Keil\C51\BIN\C51.EXE main.c BROWSE DEBUG OBJECTEXTEND

line level    source

   1          //LED汉字显示，针对B105型实验开发板设计
   2          //通过LED屏显示数字
   3          //设计：单片机创新工作室--王曙光设计，2015年12月15日
   4          #include<reg51.h>
   5          #include<intrins.h>
   6          #define uchar unsigned char 
   7          #define uint unsigned int
   8          sbit  ds1 = P2^1;
   9          sbit  sh_cp1 = P2^0;
  10          sbit  st_cp1 = P2^2;
  11          sbit  ds2 = P2^6;
  12          sbit  sh_cp2 = P2^5;
  13          sbit  st_cp2 = P2^7;
  14          sbit  OE = P2^3;
  15          sbit  e = P2^4;
  16          extern uchar code dat[];
  17          extern void dat595(uchar as,uchar bs);                                                                  //声明HC595传入数据函数
  18          extern void shuchu();                                                                                                   //声明HC595输出数据函数
  19          extern void suocun();                                                                                                   //声明HC595锁存数据函数
  20          /************汉字取模**************************/
  21          uchar code dat[] = {
  22          /*--  文字:  手  --*/
  23          /*--  Times New Roman12;  此字体下对应的点阵为：宽x高=16x16   --*/
  24          0x00,0x24,0x24,0x24,0x24,0x24,0x24,0x7F,0x44,0x44,0x44,0x44,0x44,0x04,0x00,0x00,
  25          0x40,0x40,0x40,0x40,0x40,0x42,0x41,0xFE,0x40,0x40,0x40,0x40,0x40,0x40,0x40,0x00,
  26          /*--  文字:  机  --*/
  27          /*--  Times New Roman12;  此字体下对应的点阵为：宽x高=16x16   --*/
  28          0x10,0x10,0x13,0xFF,0x12,0x11,0x10,0x00,0x7F,0x40,0x40,0x40,0x7F,0x00,0x00,0x00,
  29          0x20,0xC0,0x00,0xFF,0x00,0x82,0x0C,0x30,0xC0,0x00,0x00,0x00,0xFC,0x02,0x1E,0x00,
  30          };
  31          void dat595(uchar as,uchar bs)                                                                                  //向HC595传入数据
  32          {
  33   1              uchar i,b;
  34   1              e = 1;                                                                                                                                                  
  35   1              b = bs;                                                                                                                         //先写第二个参数，即取模的时候汉字字模的第二排数据（共16个），写到16*16点阵的下面2
             -个8*8点阵 
  36   1              for(i = 0; i < 8; i++)
  37   1              {                                                       
  38   2                      ds1 = b & 0x01;                                                                                                 //写参数2的最低位       
  39   2                      sh_cp1 = 0;      
  40   2                      _nop_();_nop_();_nop_();                                                                                //空操作，
  41   2                      sh_cp1 = 1;                                                                                                             //在时钟上升沿写入数据
  42   2                      b >>= 1;                                                                                                                //右移一位
  43   2              }       
  44   1              b = as; 
  45   1              for(i = 0; i < 8; i++)                                                                                          //再写第一个参数，即取模的时候汉字字模的第一排数据（共16个），写到16*16
             -点阵的上面2个8*8点阵
  46   1              {       
  47   2                      ds1 = b&0x01;                                                                                                   //写参数1的最低位
  48   2                      sh_cp1 = 0;      
  49   2                      _nop_();_nop_();_nop_();
  50   2                      sh_cp1 = 1;                                                                                                             //在时钟上升沿写入数据
  51   2                      b >>= 1;                                                                                                                //右移一位
  52   2              }
  53   1      }
C51 COMPILER V8.02   MAIN                                                                  01/16/2016 12:13:53 PAGE 2   

  54          void shuchu()                                                                                                                   //HC595输出数据
  55          {
  56   1              st_cp2 = 0;     
  57   1              st_cp1 = 0;
  58   1              st_cp2 = 1;                                                                                                             //在时钟上升沿输出数据
  59   1              st_cp1 = 1;                                                                                                                     //在时钟上升沿输出数据
  60   1      }                                                                                                                                               
  61          void suocun()                                                                                                                   //HC595锁存数据
  62          {
  63   1              sh_cp2 = 0;                                                                                                                     //在时钟上升沿写入数据
  64   1              sh_cp2 = 1;     
  65   1              ds2 = 1;
  66   1      }
  67          void main(void)
  68          {
  69   1              uchar j;
  70   1              while(1)
  71   1              {
  72   2                      OE = 0 ;
  73   2                      ds2= 0 ;                                                                                                                //一次选中
  74   2                      for(j  =0; j < 16; j++)                                                                                 //写入"手"字的点阵，
  75   2                      {
  76   3                              dat595(dat[j],dat[16+j]);
  77   3                              suocun();                                                                                                       //HC595锁存函数
  78   3                              shuchu();                                                                                                       //HC595输出函数
  79   3                      }        
  80   2                      for(j = 0; j < 16; j++)                                                                                 //写入"真"字的点阵，
  81   2                      {
  82   3                              dat595(dat[32 + j], dat[32 + 16 +j ]);
  83   3                              suocun();
  84   3                              shuchu();
  85   3                      }
  86   2              }
  87   1      }
  88          


MODULE INFORMATION:   STATIC OVERLAYABLE
   CODE SIZE        =    116    ----
   CONSTANT SIZE    =     64    ----
   XDATA SIZE       =   ----    ----
   PDATA SIZE       =   ----    ----
   DATA SIZE        =   ----    ----
   IDATA SIZE       =   ----    ----
   BIT SIZE         =   ----    ----
END OF MODULE INFORMATION.


C51 COMPILATION COMPLETE.  0 WARNING(S),  0 ERROR(S)
