C51 COMPILER V9.56.0.0   MAIN                                                              04/30/2018 12:49:39 PAGE 1   


C51 COMPILER V9.56.0.0, COMPILATION OF MODULE MAIN
OBJECT MODULE PLACED IN .\Objects\main.obj
COMPILER INVOKED BY: E:\keil\C51\BIN\C51.EXE main.c OPTIMIZE(8,SPEED) BROWSE DEBUG OBJECTEXTEND PRINT(.\Listings\main.ls
                    -t) TABS(2) OBJECT(.\Objects\main.obj)

line level    source

   1          #include<stc15f2k60s2.h>
   2          #include<define.c>
   3          #include<ds1302.c>
   4          #include<iic.c>
   5          #include<chaoshengbo.c>
   6          #include<key.c>
   7          #include<display.c>
   8          
   9          void main()
  10          {
  11   1        banzi_init();
  12   1      //  for(z = 0;z < 6;z++)
  13   1      //  {
  14   1      //    Write_AT24c04(add,anwser[z]);
  15   1      //    Delay1ms();
  16   1      //    add = add + 1;
  17   1      //  }
  18   1        add = 0x01;
  19   1        for(z = 0;z < 6;z++)
  20   1        {
  21   2          anwser[z] = Read_AT24c04(add);
  22   2          Delay1ms();
  23   2          add = add + 1;
  24   2        }
  25   1        DS1302_init();
  26   1        Timer0Init();
  27   1        Timer1Init();
  28   1        EA = 1;
  29   1        ET0 = 1;
  30   1        while(1)
  31   1        {
  32   2          keyscan();
  33   2          DS1302_Read();
  34   2          display();
  35   2        }
  36   1      }


MODULE INFORMATION:   STATIC OVERLAYABLE
   CODE SIZE        =   2597    ----
   CONSTANT SIZE    =     12    ----
   XDATA SIZE       =   ----    ----
   PDATA SIZE       =   ----    ----
   DATA SIZE        =     63       1
   IDATA SIZE       =   ----    ----
   BIT SIZE         =     10    ----
END OF MODULE INFORMATION.


C51 COMPILATION COMPLETE.  0 WARNING(S),  0 ERROR(S)
