C51 COMPILER V8.02   MAIN                                                                  01/16/2016 10:48:58 PAGE 1   


C51 COMPILER V8.02, COMPILATION OF MODULE MAIN
OBJECT MODULE PLACED IN main.OBJ
COMPILER INVOKED BY: G:\单片机软件\Keil\C51\BIN\C51.EXE main.c BROWSE DEBUG OBJECTEXTEND

line level    source

   1          //4*4键盘矩阵按键，针对教材设计
   2          //按键按下显示键值，不按显示"88"
   3          //设计：单片机创新工作室--王曙光设计，2015年12月15日
   4          #include<reg51.h>
   5          #define uchar unsigned char
   6          code P1_scan[]={0x7f,0xbf,0xdf,0xef};
   7          code key_temp_value[]={0xee,0xed,0xeb,0xe7,
   8                                                     0xde,0xdd,0xdb,0xd7,
   9                                                     0xbe,0xbd,0xbb,0xb7,
  10                                                     0x7e,0x7d,0x7b,0x77};
  11          code uchar seven_seg[] = {0xc0,0xf9,0xa4,0xb0,0x99,0x92,0x82,0xf8,0x80,0x90};
  12          uchar n = 88;
  13          void delay(uchar x)
  14          {
  15   1              while(x--);
  16   1      }
  17          uchar key_scan(void)
  18          {
  19   1              uchar i,j;
  20   1              for(i = 0;i < 4;i++)                                                    //让键盘行线输出扫描数据
  21   1              {
  22   2                      P1 = P1_scan[i];
  23   2                      if(P1 != P1_scan[i])
  24   2                      {
  25   3                              delay(200);                                                             //消除键抖后，有按键确实按下
  26   3                              if(P1 != P1_scan[i])                                    //如果有按键按下，P1口不是原来的扫描数据
  27   3                              {
  28   4                                      for(j = 0;j < 16;j++)
  29   4                                      {
  30   5                                              if(P1 == key_temp_value[j])             //判断键值，是哪个按键按下
  31   5                                              n = j;                                                  //返回按键的编号
  32   5                                      }
  33   4                              }
  34   3                      }
  35   2              }
  36   1              return (n);                                                                             //如果没有按键按下，输出标志"88"
  37   1      }
  38          void display(uchar i)                                                           //显示函数
  39          {
  40   1              P2 = ~0x01;P0 = seven_seg[i % 10];                              //显示按键编号个位
  41   1              delay(300);                                                                             //让个位显示一段时间
  42   1              P2 = ~0x02;P0 = seven_seg[i / 10];                              //显示按键编号十位
  43   1              delay(300);                                                                             //让十位显示一段时间
  44   1              P0 = 0xff;                                                                              //刷新P0接口（消隐）
  45   1      }
  46          void main()
  47          {
  48   1              uchar i;
  49   1              while(1)
  50   1              {
  51   2                      i = key_scan();
  52   2                      display(i);
  53   2              }
  54   1      }

C51 COMPILER V8.02   MAIN                                                                  01/16/2016 10:48:58 PAGE 2   


MODULE INFORMATION:   STATIC OVERLAYABLE
   CODE SIZE        =    163    ----
   CONSTANT SIZE    =     50    ----
   XDATA SIZE       =   ----    ----
   PDATA SIZE       =   ----    ----
   DATA SIZE        =      1    ----
   IDATA SIZE       =   ----    ----
   BIT SIZE         =   ----    ----
END OF MODULE INFORMATION.


C51 COMPILATION COMPLETE.  0 WARNING(S),  0 ERROR(S)
