C51 COMPILER V9.56.0.0   MAIN                                                              05/24/2018 10:32:11 PAGE 1   


C51 COMPILER V9.56.0.0, COMPILATION OF MODULE MAIN
OBJECT MODULE PLACED IN .\Objects\main.obj
COMPILER INVOKED BY: E:\keil\C51\BIN\C51.EXE main.c OPTIMIZE(8,SPEED) BROWSE DEBUG OBJECTEXTEND PRINT(.\Listings\main.ls
                    -t) TABS(2) OBJECT(.\Objects\main.obj)

line level    source

   1          #include<stc15f2k60s2.h>
   2          #include<intrins.h>
   3          
   4          unsigned char code seven_seg[] = {0xc0,0xf9,0xa4,0xb0,0x99,0x92,0x82,0xf8,0x80,0x90};
   5          unsigned char yi,er,san,si,wu,liu,qi,ba;
   6          
   7          void Delay1ms()   //@11.0592MHz
   8          {
   9   1        unsigned char i, j;
  10   1      
  11   1        _nop_();
  12   1        _nop_();
  13   1        _nop_();
  14   1        i = 11;
  15   1        j = 190;
  16   1        do
  17   1        {
  18   2          while (--j);
  19   2        } while (--i);
  20   1      }
  21          
  22          void banzi_init()
  23          {
  24   1        P2 = 0xa0;
  25   1        P0 = 0x00;
  26   1        
  27   1        P2 = 0x80;
  28   1        P0 = 0xff;
  29   1        
  30   1        P2 = 0xc0;
  31   1        P0 = 0xff;
  32   1        P2 = 0xff;
  33   1        P0 = 0xff;
  34   1      }
  35          
  36          void xianshi()
  37          {
  38   1        P2 = 0xc0;
  39   1        P0 = 0x01;
  40   1        P2 = 0xff;
  41   1        P0 = seven_seg[yi];
  42   1        Delay1ms();
  43   1        
  44   1        P2 = 0xc0;
  45   1        P0 = 0x02;
  46   1        P2 = 0xff;
  47   1        P0 = seven_seg[er];
  48   1        Delay1ms();
  49   1        
  50   1        P2 = 0xc0;
  51   1        P0 = 0x04;
  52   1        P2 = 0xff;
  53   1        P0 = seven_seg[san];
  54   1        Delay1ms();
C51 COMPILER V9.56.0.0   MAIN                                                              05/24/2018 10:32:11 PAGE 2   

  55   1        
  56   1        P2 = 0xc0;
  57   1        P0 = 0x08;
  58   1        P2 = 0xff;
  59   1        P0 = seven_seg[si];
  60   1        Delay1ms();
  61   1        
  62   1        P2 = 0xc0;
  63   1        P0 = 0x10;
  64   1        P2 = 0xff;
  65   1        P0 = seven_seg[wu];
  66   1        Delay1ms();
  67   1        
  68   1        P2 = 0xc0;
  69   1        P0 = 0x20;
  70   1        P2 = 0xff;
  71   1        P0 = seven_seg[liu];
  72   1        Delay1ms();
  73   1        
  74   1        P2 = 0xc0;
  75   1        P0 = 0x40;
  76   1        P2 = 0xff;
  77   1        P0 = seven_seg[qi];
  78   1        Delay1ms();
  79   1        
  80   1        P2 = 0xc0;
  81   1        P0 = 0x80;
  82   1        P2 = 0xff;
  83   1        P0 = seven_seg[ba];
  84   1        Delay1ms();
  85   1        
  86   1        P2 = 0xc0;
  87   1        P0 = 0xff;
  88   1        P2 = 0xff;
  89   1        P0 = 0xff;
  90   1        Delay1ms();
  91   1      }
  92          
  93          void keyscan()
  94          {
  95   1        unsigned char temp;
  96   1        P3 = 0x7f;P42 = 0;
  97   1        temp = P3;
  98   1        temp &= 0x0f;
  99   1        if(temp != 0x0f)
 100   1        {
 101   2          Delay1ms();
 102   2          temp = P3;
 103   2          temp &= 0x0f;
 104   2          if(temp != 0x0f)
 105   2          {
 106   3            temp = P3;
 107   3            switch(temp)
 108   3            {
 109   4              case 0x7e:yi = 1;break;
 110   4              case 0x7d:yi = 2;break;
 111   4              case 0x7b:yi = 3;break;
 112   4              case 0x77:yi = 4;break;
 113   4            }
 114   3          }
 115   2          while(temp != 0x0f)
 116   2          {
C51 COMPILER V9.56.0.0   MAIN                                                              05/24/2018 10:32:11 PAGE 3   

 117   3            temp = P3;
 118   3            temp &= 0x0f;
 119   3          }
 120   2        }
 121   1        P42 = 1;P3 = 0xbf;P42 = 0;
 122   1        temp = P3;temp &= 0x0f;
 123   1        if(temp != 0x0f)
 124   1        {
 125   2          Delay1ms();
 126   2          temp = P3;temp &= 0x0f;
 127   2          if(temp != 0x0f)
 128   2          {
 129   3            temp = P3;
 130   3            switch(temp)
 131   3            {
 132   4              case 0xbe:er = 1;break;
 133   4              case 0xbd:er = 2;break;
 134   4              case 0xbb:er = 3;break;
 135   4              case 0xb7:er = 4;break;
 136   4            }
 137   3          }
 138   2          while(temp != 0x0f)
 139   2          {
 140   3            temp = P3;
 141   3            temp &= 0x0f;
 142   3          }
 143   2        }
 144   1        P42 = 1;P3 = 0xdf;
 145   1        temp = P3;temp &= 0x0f;
 146   1        if(temp != 0x0f)
 147   1        {
 148   2          Delay1ms();
 149   2          temp = P3;temp &= 0x0f;
 150   2          if(temp != 0x0f)
 151   2          {
 152   3            temp = P3;
 153   3            switch(temp)
 154   3            {
 155   4              case 0xde:san = 1;break;
 156   4              case 0xdd:san = 2;break;
 157   4              case 0xdb:san = 3;break;
 158   4              case 0xd7:san = 4;break;
 159   4            }
 160   3          }
 161   2          while(temp != 0x0f)
 162   2          {
 163   3            temp = P3;
 164   3            temp &= 0x0f;
 165   3          }
 166   2        }
 167   1      }
 168          
 169          void main()
 170          {
 171   1        banzi_init();
 172   1        while(1)
 173   1        {
 174   2          xianshi();
 175   2          keyscan();
 176   2        }
 177   1      }

C51 COMPILER V9.56.0.0   MAIN                                                              05/24/2018 10:32:11 PAGE 4   


MODULE INFORMATION:   STATIC OVERLAYABLE
   CODE SIZE        =    454    ----
   CONSTANT SIZE    =     10    ----
   XDATA SIZE       =   ----    ----
   PDATA SIZE       =   ----    ----
   DATA SIZE        =      8       1
   IDATA SIZE       =   ----    ----
   BIT SIZE         =   ----    ----
END OF MODULE INFORMATION.


C51 COMPILATION COMPLETE.  0 WARNING(S),  0 ERROR(S)
