C51 COMPILER V8.02   MAIN                                                                  01/16/2016 10:36:14 PAGE 1   


C51 COMPILER V8.02, COMPILATION OF MODULE MAIN
OBJECT MODULE PLACED IN main.OBJ
COMPILER INVOKED BY: G:\单片机软件\Keil\C51\BIN\C51.EXE main.c BROWSE DEBUG OBJECTEXTEND

line level    source

   1          //P0口驱动流水灯，教材和B105型实验开发板通用
   2          //8个灯按顺序循环闪烁
   3          //设计：单片机创新工作室--冷恩鑫设计，2015年12月15日
   4          #include<reg51.h>
   5          unsigned char  LED[] = {0x01,0x02,0x04,0x08,0x10,0x20,0x40,0x80};          //流水灯数组
   6          void delay(unsigned int x)                      //延时函数
   7          {
   8   1              while(x--);
   9   1      }
  10          void main(void)                                         //主函数
  11          {
  12   1              unsigned char i;        
  13   1              while(1)
  14   1              {
  15   2                      P0 = LED[i];                            //依次调用数组内数据
  16   2                      delay(50000);                           //延时
  17   2                      i++;                                    //循环1次，变量加1
  18   2                      if(i >= 8) i = 0;                       //到8清零
  19   2              }
  20   1      }


MODULE INFORMATION:   STATIC OVERLAYABLE
   CODE SIZE        =     40    ----
   CONSTANT SIZE    =   ----    ----
   XDATA SIZE       =   ----    ----
   PDATA SIZE       =   ----    ----
   DATA SIZE        =      8       1
   IDATA SIZE       =   ----    ----
   BIT SIZE         =   ----    ----
END OF MODULE INFORMATION.


C51 COMPILATION COMPLETE.  0 WARNING(S),  0 ERROR(S)
