C51 COMPILER V8.02   MAIN                                                                  01/16/2016 12:01:34 PAGE 1   


C51 COMPILER V8.02, COMPILATION OF MODULE MAIN
OBJECT MODULE PLACED IN main.OBJ
COMPILER INVOKED BY: G:\单片机软件\Keil\C51\BIN\C51.EXE main.c BROWSE DEBUG OBJECTEXTEND

line level    source

   1          //LCD1602液晶屏应用，针对B105开发板设计
   2          //LCD1602可以显示两行字符，每行最多可以显示16个字符
   3          //设计：单片机创新工作室--王曙光设计，2015年12月15日
   4          #include<reg51.h>
   5          #include<74hc595.c>
   6          #include<lcd1602.c>
   7          #define uchar unsigned char
   8          #define uint unsigned int
   9          /*******************主函数*******************/
  10          void main (void)  
  11          {
  12   1              FLCD1602_init();
  13   1              FLCD1602_clear();
  14   1              while(1)
  15   1              {       
  16   2                      gotoxy(1,0);                                                                                    //从第一行第一位开始显示
  17   2                      display_string("How are you");                                                  //第一行显示“How are you”字样
  18   2                      gotoxy(2,0);                                                                                    //从第二行第一位开始显示
  19   2                      display_string("dat:2012/09/01");                                               //第二行显示“dat：2012/09/01”
  20   2                      delay(50000);delay(50000);delay(50000);delay(50000);    
  21   2              } 
  22   1      }


MODULE INFORMATION:   STATIC OVERLAYABLE
   CODE SIZE        =    229    ----
   CONSTANT SIZE    =     27    ----
   XDATA SIZE       =   ----    ----
   PDATA SIZE       =   ----    ----
   DATA SIZE        =     11    ----
   IDATA SIZE       =   ----    ----
   BIT SIZE         =   ----    ----
END OF MODULE INFORMATION.


C51 COMPILATION COMPLETE.  0 WARNING(S),  0 ERROR(S)
