C51 COMPILER V9.00   _醇黖聪_有效                                                          05/07/2017 20:33:32 PAGE 1   


C51 COMPILER V9.00, COMPILATION OF MODULE _醇黖聪_有效
OBJECT MODULE PLACED IN 按键按下有效.OBJ
COMPILER INVOKED BY: D:\安装目录\keil4\C51\BIN\C51.EXE 按键按下有效.c BROWSE DEBUG OBJECTEXTEND

line level    source

   1          #include<reg51.h>
   2          sbit key1 = P2^0;                 //P2.0口接按键
   3          sbit led = P0^0;                 //P0.0口接LED
   4          void delay(unsigned int x) //延时函数
   5          {
   6   1              while(x--);
   7   1      }
   8          void key()
   9          {
  10   1              if(key1==0)                      //如果按键按下
  11   1              {
  12   2                      delay(500);                 //消抖
  13   2                      if(key1==0)            //如果真的按下
  14   2                      {
  15   3                      led=!led;                  
  16   3                      delay(5000);      //延时
  17   3                      }
  18   2              }
  19   1      }
  20          void main()
  21          {
  22   1              P0 = 0x00;                 //让P0.0口全为低电平
  23   1              while(1)
  24   1              {
  25   2                      key();             //调用按键函数
  26   2              }
  27   1      }       


MODULE INFORMATION:   STATIC OVERLAYABLE
   CODE SIZE        =     42    ----
   CONSTANT SIZE    =   ----    ----
   XDATA SIZE       =   ----    ----
   PDATA SIZE       =   ----    ----
   DATA SIZE        =   ----    ----
   IDATA SIZE       =   ----    ----
   BIT SIZE         =   ----    ----
END OF MODULE INFORMATION.


C51 COMPILATION COMPLETE.  0 WARNING(S),  0 ERROR(S)
