C51 COMPILER V9.56.0.0   MAIN                                                              05/03/2018 11:55:33 PAGE 1   


C51 COMPILER V9.56.0.0, COMPILATION OF MODULE MAIN
OBJECT MODULE PLACED IN .\Objects\main.obj
COMPILER INVOKED BY: E:\keil\C51\BIN\C51.EXE main.c OPTIMIZE(8,SPEED) BROWSE DEBUG OBJECTEXTEND PRINT(.\Listings\main.ls
                    -t) TABS(2) OBJECT(.\Objects\main.obj)

line level    source

   1          #include<stc15f2k60s2.h>
   2          #include<define.c>
   3          #include<iic.c>
*** ERROR C231 IN LINE 13 OF E:\keil\C51\Inc\reg52.h: 'P0': redefinition
*** ERROR C231 IN LINE 14 OF E:\keil\C51\Inc\reg52.h: 'P1': redefinition
*** ERROR C231 IN LINE 15 OF E:\keil\C51\Inc\reg52.h: 'P2': redefinition
*** ERROR C231 IN LINE 16 OF E:\keil\C51\Inc\reg52.h: 'P3': redefinition
*** ERROR C231 IN LINE 17 OF E:\keil\C51\Inc\reg52.h: 'PSW': redefinition
*** ERROR C231 IN LINE 18 OF E:\keil\C51\Inc\reg52.h: 'ACC': redefinition
*** ERROR C231 IN LINE 19 OF E:\keil\C51\Inc\reg52.h: 'B': redefinition
*** ERROR C231 IN LINE 20 OF E:\keil\C51\Inc\reg52.h: 'SP': redefinition
*** ERROR C231 IN LINE 21 OF E:\keil\C51\Inc\reg52.h: 'DPL': redefinition
*** ERROR C231 IN LINE 22 OF E:\keil\C51\Inc\reg52.h: 'DPH': redefinition
*** ERROR C231 IN LINE 23 OF E:\keil\C51\Inc\reg52.h: 'PCON': redefinition
*** ERROR C231 IN LINE 24 OF E:\keil\C51\Inc\reg52.h: 'TCON': redefinition
*** ERROR C231 IN LINE 25 OF E:\keil\C51\Inc\reg52.h: 'TMOD': redefinition
*** ERROR C231 IN LINE 26 OF E:\keil\C51\Inc\reg52.h: 'TL0': redefinition
*** ERROR C231 IN LINE 27 OF E:\keil\C51\Inc\reg52.h: 'TL1': redefinition
*** ERROR C231 IN LINE 28 OF E:\keil\C51\Inc\reg52.h: 'TH0': redefinition
*** ERROR C231 IN LINE 29 OF E:\keil\C51\Inc\reg52.h: 'TH1': redefinition
*** ERROR C231 IN LINE 30 OF E:\keil\C51\Inc\reg52.h: 'IE': redefinition
*** ERROR C231 IN LINE 31 OF E:\keil\C51\Inc\reg52.h: 'IP': redefinition
*** ERROR C231 IN LINE 32 OF E:\keil\C51\Inc\reg52.h: 'SCON': redefinition
*** ERROR C231 IN LINE 33 OF E:\keil\C51\Inc\reg52.h: 'SBUF': redefinition
*** ERROR C231 IN LINE 45 OF E:\keil\C51\Inc\reg52.h: 'CY': redefinition
*** ERROR C231 IN LINE 46 OF E:\keil\C51\Inc\reg52.h: 'AC': redefinition
*** ERROR C231 IN LINE 47 OF E:\keil\C51\Inc\reg52.h: 'F0': redefinition
*** ERROR C231 IN LINE 48 OF E:\keil\C51\Inc\reg52.h: 'RS1': redefinition
*** ERROR C231 IN LINE 49 OF E:\keil\C51\Inc\reg52.h: 'RS0': redefinition
*** ERROR C231 IN LINE 50 OF E:\keil\C51\Inc\reg52.h: 'OV': redefinition
*** ERROR C231 IN LINE 51 OF E:\keil\C51\Inc\reg52.h: 'P': redefinition
*** ERROR C231 IN LINE 54 OF E:\keil\C51\Inc\reg52.h: 'TF1': redefinition
*** ERROR C231 IN LINE 55 OF E:\keil\C51\Inc\reg52.h: 'TR1': redefinition
*** ERROR C231 IN LINE 56 OF E:\keil\C51\Inc\reg52.h: 'TF0': redefinition
*** ERROR C231 IN LINE 57 OF E:\keil\C51\Inc\reg52.h: 'TR0': redefinition
*** ERROR C231 IN LINE 58 OF E:\keil\C51\Inc\reg52.h: 'IE1': redefinition
*** ERROR C231 IN LINE 59 OF E:\keil\C51\Inc\reg52.h: 'IT1': redefinition
*** ERROR C231 IN LINE 60 OF E:\keil\C51\Inc\reg52.h: 'IE0': redefinition
*** ERROR C231 IN LINE 61 OF E:\keil\C51\Inc\reg52.h: 'IT0': redefinition
*** ERROR C231 IN LINE 64 OF E:\keil\C51\Inc\reg52.h: 'EA': redefinition
*** ERROR C231 IN LINE 66 OF E:\keil\C51\Inc\reg52.h: 'ES': redefinition
*** ERROR C231 IN LINE 67 OF E:\keil\C51\Inc\reg52.h: 'ET1': redefinition
*** ERROR C231 IN LINE 68 OF E:\keil\C51\Inc\reg52.h: 'EX1': redefinition
*** ERROR C231 IN LINE 69 OF E:\keil\C51\Inc\reg52.h: 'ET0': redefinition
*** ERROR C231 IN LINE 70 OF E:\keil\C51\Inc\reg52.h: 'EX0': redefinition
*** ERROR C231 IN LINE 74 OF E:\keil\C51\Inc\reg52.h: 'PS': redefinition
*** ERROR C231 IN LINE 75 OF E:\keil\C51\Inc\reg52.h: 'PT1': redefinition
*** ERROR C231 IN LINE 76 OF E:\keil\C51\Inc\reg52.h: 'PX1': redefinition
*** ERROR C231 IN LINE 77 OF E:\keil\C51\Inc\reg52.h: 'PT0': redefinition
*** ERROR C231 IN LINE 78 OF E:\keil\C51\Inc\reg52.h: 'PX0': redefinition
*** ERROR C231 IN LINE 91 OF E:\keil\C51\Inc\reg52.h: 'SM0': redefinition
*** ERROR C231 IN LINE 92 OF E:\keil\C51\Inc\reg52.h: 'SM1': redefinition
*** ERROR C231 IN LINE 93 OF E:\keil\C51\Inc\reg52.h: 'SM2': redefinition
*** ERROR C231 IN LINE 94 OF E:\keil\C51\Inc\reg52.h: 'REN': redefinition
C51 COMPILER V9.56.0.0   MAIN                                                              05/03/2018 11:55:33 PAGE 2   

*** ERROR C231 IN LINE 95 OF E:\keil\C51\Inc\reg52.h: 'TB8': redefinition
*** ERROR C231 IN LINE 96 OF E:\keil\C51\Inc\reg52.h: 'RB8': redefinition
*** ERROR C231 IN LINE 97 OF E:\keil\C51\Inc\reg52.h: 'TI': redefinition
*** ERROR C231 IN LINE 98 OF E:\keil\C51\Inc\reg52.h: 'RI': redefinition
*** ERROR C202 IN LINE 128 OF iic.c: 'ADD': undefined identifier
   4          #include<ds1302.c>
*** ERROR C231 IN LINE 2 OF ds1302.c: 'SDA': redefinition
   5          #include<key.c>
*** ERROR C187 IN LINE 47 OF key.c: not an lvalue
*** ERROR C187 IN LINE 56 OF key.c: not an lvalue
*** ERROR C187 IN LINE 65 OF key.c: not an lvalue
*** ERROR C187 IN LINE 87 OF key.c: not an lvalue
*** ERROR C187 IN LINE 96 OF key.c: not an lvalue
*** ERROR C187 IN LINE 105 OF key.c: not an lvalue
   6          sbit sbuzz = P3^4;
   7          void display()
   8          {
   9   1        if(moshi == 0)
  10   1        {
  11   2          if(tiaoshi == 0)
  12   2          {
  13   3            yi = shijian[2] / 10;
  14   3            er = shijian[2] % 10;
  15   3            san = 10;
  16   3            si = shijian[1] / 10;
  17   3            wu = shijian[1] % 10;
  18   3            liu = 10;
  19   3            qi = shijian[0] / 10;
  20   3            ba = shijian[0] % 10;
  21   3          }
  22   2          else if(tiaoshi == 1)
  23   2          {
  24   3            if(shijian[0] % 2 == 0)
  25   3            {
  26   4              yi = shijian[2] / 10;
  27   4              er = shijian[2] % 10;
  28   4            }
  29   3            else 
  30   3            {
  31   4              yi = 10;
  32   4              er = 10;
  33   4            }
  34   3            san = 10;
  35   3            si = shijian[1] / 10;
  36   3            wu = shijian[1] % 10;
  37   3            liu = 10;
  38   3            qi = shijian[0] / 10;
  39   3            ba = shijian[0] % 10;
  40   3          }
  41   2          else if(tiaoshi == 2)
  42   2          {
  43   3            if(shijian[0] % 2 == 0)
  44   3            {
  45   4              si = shijian[1] / 10;
  46   4              wu = shijian[1] % 10;
  47   4            }
  48   3            else 
  49   3            {
  50   4              si = 10;
  51   4              wu = 10;
  52   4            }
  53   3            yi = shijian[2] / 10;
C51 COMPILER V9.56.0.0   MAIN                                                              05/03/2018 11:55:33 PAGE 3   

  54   3            er = shijian[2] % 10;
  55   3            san = 10;     
  56   3            liu = 10;
  57   3            qi = shijian[0] / 10;
  58   3            ba = shijian[0] % 10;
  59   3          }
  60   2          else if(tiaoshi == 3)
  61   2          {
  62   3            if(shijian[0] % 2 == 0)
  63   3            {
  64   4              qi = shijian[0] / 10;
  65   4              ba = shijian[0] % 10;   
  66   4            }
  67   3            else 
  68   3            {
  69   4              ba = 10;
  70   4              qi = 10;
  71   4            }
  72   3            yi = shijian[2] / 10;
  73   3            er = shijian[2] % 10;
  74   3            san = 10;   
  75   3            si = shijian[1] / 10;
  76   3            wu = shijian[1] % 10;     
  77   3            liu = 10;
  78   3          }
  79   2        }
  80   1        else if(moshi == 1)
  81   1        {
  82   2          yi = juli / 100;
  83   2          er = juli % 100 / 10;
  84   2          san = juli % 10;
  85   2          si = 11;
  86   2          wu = 11;
  87   2          liu = baojingjuli / 100;
  88   2          qi = baojingjuli % 100 / 10;
  89   2          ba = baojingjuli % 10;
  90   2          if(juli <= baojingjuli)
  91   2          {
  92   3            if(juli < (float)(1.2 * baojingjuli))
  93   3            {
  94   4              P2 = 0x80;
  95   4              P0 = 0xfe;
  96   4            }
  97   3            else 
  98   3            {
  99   4              P2 = 0xa0;
 100   4              P0 = 0x40;
 101   4            }
 102   3          }
 103   2          else if(juli >= baojingjuli)
 104   2          {
 105   3            P2 = 0xa0;
 106   3            P0 = 0x00;
 107   3            P2 = 0x80;
 108   3            P0 = 0xff;
 109   3          }
 110   2        }
 111   1      }
 112          
 113          void main()
 114          {
 115   1        quanliang();
C51 COMPILER V9.56.0.0   MAIN                                                              05/03/2018 11:55:33 PAGE 4   

 116   1        Delay1000ms();
 117   1        banzi_init();
 118   1        Timer0Init();
 119   1        Timer1Init();
 120   1        EA = 1;
 121   1        ET0 = 1;
 122   1        Write_DS1302();
 123   1        sbuzz = 1;
 124   1        while(1)
 125   1        {
 126   2          ceju();
 127   2          Read_DS1302();
 128   2          keyscan();
 129   2          display();
 130   2          
 131   2          xianshi();
 132   2        }
 133   1      }

C51 COMPILATION COMPLETE.  0 WARNING(S),  63 ERROR(S)
