C51 COMPILER V8.02   MAIN                                                                  01/15/2016 17:12:50 PAGE 1   


C51 COMPILER V8.02, COMPILATION OF MODULE MAIN
OBJECT MODULE PLACED IN main.OBJ
COMPILER INVOKED BY: C:\Keil\C51\BIN\C51.EXE main.c BROWSE DEBUG OBJECTEXTEND

line level    source

   1          //DA转换器TLC5615应用，针对教材设计
   2          //DA转换器TLC5615可以将数字信号（即电压变化信号）转换为模拟信号（即连续的模拟数据）
   3          //设计：单片机创新工作室，2015年12月15日
   4          #include<reg51.h>
   5          #include<TLC5615.c>
   6          #define uchar unsigned char                                                                             //宏定义 即用uchar 代替unsigned char 
   7          #define uint unsigned int                                                                               //宏定义 即用uint 代替unsigned int
   8          sbit P1_0 = P1^0;
   9          uchar j;
  10          uint moni,dat,i; 
  11          code uchar seven_seg[] = {0xc0,0xf9,0xa4,0xb0,0x99,
  12                                                                  0x92,0x82,0xf8,0x80,0x90};                      //共阳极数码管0~9显示数组
  13          /* **************T0初始化函数*****************/
  14          void timer0_init(void)                                                                  
  15          {
  16   1              TMOD = 0x01;
  17   1              TL0 = (65536-2000) % 256;
  18   1              TH0 = (65536-2000) / 256;
  19   1              TR0 = 1;
  20   1              ET0 = 1;
  21   1              EA  = 1;
  22   1      }
  23          /*********** T0中断服务函数*******************/
  24          void timer0_isr() interrupt 1                                                                   //T0的中断处理函数，用于显示输出的电压值
  25          {
  26   1              TL0 = (65536-2000) % 256;
  27   1              TH0 = (65536-2000) / 256;
  28   1              i++;
  29   1              if(i >= 500)//0.5秒
  30   1              {       
  31   2                      i = 0;  
  32   2                      tlc5615(dat);
  33   2                      if(dat >= 962)
  34   2                      dat = 0;
  35   2                      moni = dat * 0.489;
  36   2                      dat = dat + 10;
  37   2              }
  38   1              P0 = 0xff;
  39   1              switch(j)
  40   1              {
  41   2                      case 0 : P0 = seven_seg[moni %10];P2 = 0xfe;break;
  42   2                      case 1 : P0 = seven_seg[moni / 10 % 10];P2 = 0xfd;break;
  43   2                      case 2 : P0 = seven_seg[moni / 100] & 0x7f;P2 = 0xfb;break;     
  44   2              
  45   2              }
  46   1              j++;
  47   1              if(j >= 3)
  48   1              j = 0;
  49   1      }
  50          /* *****************主函数********************/
  51          void main()
  52          {
  53   1              timer0_init();
  54   1              while(1);
  55   1      }
C51 COMPILER V8.02   MAIN                                                                  01/15/2016 17:12:50 PAGE 2   



MODULE INFORMATION:   STATIC OVERLAYABLE
   CODE SIZE        =    338    ----
   CONSTANT SIZE    =     10    ----
   XDATA SIZE       =   ----    ----
   PDATA SIZE       =   ----    ----
   DATA SIZE        =      7    ----
   IDATA SIZE       =   ----    ----
   BIT SIZE         =   ----    ----
END OF MODULE INFORMATION.


C51 COMPILATION COMPLETE.  0 WARNING(S),  0 ERROR(S)
