C51 COMPILER V9.56.0.0   MAIN                                                              05/19/2018 15:39:51 PAGE 1   


C51 COMPILER V9.56.0.0, COMPILATION OF MODULE MAIN
OBJECT MODULE PLACED IN .\Objects\main.obj
COMPILER INVOKED BY: E:\keil\C51\BIN\C51.EXE main.c OPTIMIZE(8,SPEED) BROWSE DEBUG OBJECTEXTEND PRINT(.\Listings\main.ls
                    -t) TABS(2) OBJECT(.\Objects\main.obj)

line level    source

   1          #include<stc15f2k60s2.h>
   2          #include<intrins.h>
   3          #include<define.c>
   4          #include<ds1302.c>
   5          #include<iic.c>
   6          #include<key.c>
   7          
   8          void Timer0Init(void)   //5微秒@11.0592MHz
   9          {
  10   1        AUXR |= 0x80;   //定时器时钟1T模式
  11   1        TMOD &= 0xF0;   //设置定时器模式
  12   1        TL0 = 0xC9;   //设置定时初值
  13   1        TH0 = 0xFF;   //设置定时初值
  14   1        TF0 = 0;    //清除TF0标志
  15   1      //  TR0 = 1;    //定时器0开始计时
  16   1      }
  17          
  18          void Timer1Init(void)   //2毫秒@11.0592MHz
  19          {
  20   1        AUXR |= 0x40;   //定时器时钟1T模式
  21   1        TMOD &= 0x0F;   //设置定时器模式
  22   1        TL1 = 0x9A;   //设置定时初值
  23   1        TH1 = 0xA9;   //设置定时初值
  24   1        TF1 = 0;    //清除TF1标志
  25   1        TR1 = 1;    //定时器1开始计时
  26   1      }
  27          
  28          
  29          void timer0()interrupt 1
  30          {
  31   1        if(P34 == 0)
  32   1        {
  33   2          fan++;
  34   2          if(plv_flag == 0)
  35   2          {
  36   3            plv_flag = 1;
  37   3            zheng_now = zheng;
  38   3            zheng = 0;
  39   3          }
  40   2        }
  41   1        else if(P34 == 1)
  42   1        {
  43   2          zheng++;
  44   2          if(plv_flag == 1)
  45   2          {
  46   3            plv_flag = 0;
  47   3            fan_now = fan;
  48   3            fan = 0;
  49   3          }
  50   2        }
  51   1      }
  52          
  53          void tm1_isr() interrupt 3 using 1
  54          {
C51 COMPILER V9.56.0.0   MAIN                                                              05/19/2018 15:39:51 PAGE 2   

  55   1        if(pinlv == 1)
  56   1        {
  57   2          cp++;
  58   2          if(cp >= 495)
  59   2          {
  60   3            ET0 = 1;
  61   3            TR0 = 1;
  62   3          }
  63   2          else if(cp == 500)
  64   2          {
  65   3            cp = 0;
  66   3            ET0 = 1;
  67   3            TR0 = 1;
  68   3          }
  69   2        }
  70   1      }
  71          
  72          void display()
  73          {
  74   1        //shizhong
  75   1        if(shizhong_flag == 1)
  76   1        {
  77   2          if(shizhong == 1)
  78   2          {
  79   3            shitiao = 0;
  80   3            yi = shijian[2] / 10;
  81   3            er = shijian[2] % 10;
  82   3            san = 10;
  83   3            si = shijian[1] / 10;
  84   3            wu = shijian[1] % 10;
  85   3            liu = 10;
  86   3            qi = shijian[0] / 10;
  87   3            ba = shijian[0] % 10;
  88   3          }
  89   2          else if(shitiao == 1)
  90   2          {
  91   3            if((shijian[0] % 2) == 0)
  92   3            {
  93   4              yi = shijian[2] / 10;
  94   4            er = shijian[2] % 10;
  95   4            }
  96   3            else 
  97   3            {
  98   4              yi = 11;
  99   4              er = 11;
 100   4            }
 101   3            san = 10;
 102   3            si = shijian[1] / 10;
 103   3            wu = shijian[1] % 10;
 104   3            liu = 10;
 105   3            qi = shijian[0] / 10;
 106   3            ba = shijian[0] % 10;
 107   3          }
 108   2          else if(shitiao == 2)
 109   2          {
 110   3            if((shijian[0] % 2) == 0)
 111   3            {
 112   4              si = shijian[1] / 10;
 113   4            wu = shijian[1] % 10;
 114   4              
 115   4            }
 116   3            else 
C51 COMPILER V9.56.0.0   MAIN                                                              05/19/2018 15:39:51 PAGE 3   

 117   3            {
 118   4              si = 11;
 119   4              wu = 11;
 120   4            }
 121   3            san = 10;
 122   3            yi = shijian[2] / 10;
 123   3            er = shijian[2] % 10;
 124   3            liu = 10;
 125   3            qi = shijian[0] / 10;
 126   3            ba = shijian[0] % 10;
 127   3          }
 128   2          else if(shitiao == 3)
 129   2          {
 130   3            if((shijian[0] % 2) == 0)
 131   3            {
 132   4            qi = shijian[0] / 10;
 133   4            ba = shijian[0] % 10;   
 134   4            }
 135   3            else 
 136   3            {
 137   4              qi = 11;
 138   4              ba = 11;
 139   4            }
 140   3            san = 10;
 141   3            yi = shijian[2] / 10;
 142   3            er = shijian[2] % 10;
 143   3            liu = 10;
 144   3                  si = shijian[1] / 10;
 145   3            wu = shijian[1] % 10;
 146   3          }
 147   2        }
 148   1        
 149   1        //dianya
 150   1        if(dianya_an_flag == 1)
 151   1        {
 152   2          dianya_max = Read_at(0x00);
 153   2          Delay1ms();
 154   2          dianya_min = Read_at(0x01);
 155   2          
 156   2          dianya_min = dianya_min * 100;
 157   2          dianya_max = dianya_max * 100;
 158   2          if(dianya_an == 1)
 159   2          {
 160   3            fazhi = 0;
 161   3            yi = san = 10;
 162   3            er = 1;
 163   3            si = 11;
 164   3            wu = dianya / 1000;
 165   3            liu = dianya % 1000 / 100;
 166   3            qi = dianya % 100 / 10;
 167   3            ba = dianya % 10;
 168   3          }
 169   2          else if(fazhi == 1)
 170   2          {
 171   3            if((shijian[0] % 2) == 0)
 172   3            {
 173   4              yi = dianya_max / 1000;
 174   4              er = dianya_max % 1000 / 100;
 175   4              san = dianya_max % 100 / 10;
 176   4              si = dianya_max % 10;
 177   4            }
 178   3            else 
C51 COMPILER V9.56.0.0   MAIN                                                              05/19/2018 15:39:51 PAGE 4   

 179   3            {
 180   4              yi = er = san = si = 11;
 181   4            } 
 182   3            wu = dianya_min / 1000;
 183   3            liu = dianya_min % 1000 / 100;
 184   3            qi = dianya_min % 100 / 10;
 185   3            ba = dianya_min % 10;
 186   3          }
 187   2          else if(fazhi == 2)
 188   2          {
 189   3            if((shijian[0] % 2) == 0)
 190   3            {
 191   4              wu = dianya_min / 1000;
 192   4              liu = dianya_min % 1000 / 100;
 193   4              qi = dianya_min % 100 / 10;
 194   4              ba = dianya_min % 10;
 195   4            }
 196   3            else 
 197   3            {
 198   4              wu = liu = qi = ba = 11;
 199   4            } 
 200   3            yi = dianya_max / 1000;
 201   3            er = dianya_max % 1000 / 100;
 202   3            san = dianya_max % 100 / 10;
 203   3            si = dianya_max % 10;
 204   3          }
 205   2        }
 206   1        
 207   1        //pinlv
 208   1        if(pinlv_flag == 1)
 209   1        {
 210   2          if(pinlv == 1)
 211   2          {
 212   3            time = (zheng_now + fan_now) * 5;
 213   3            f = 1000000 / time;
 214   3            yi = san = 10;er = 2;
 215   3            if(xinhaojiemian == 0)
 216   3            {
 217   4              si = time / 10000;
 218   4              wu = time % 10000 / 1000;
 219   4              liu = time % 100 / 100;
 220   4              qi = time % 100 / 10;
 221   4              ba = time % 10;
 222   4            }
 223   3            else if(xinhaojiemian == 1)
 224   3            {
 225   4              si = f / 10000;
 226   4              wu = f % 10000 / 1000;
 227   4              liu = f % 100 / 100;
 228   4              qi = f % 100 / 10;
 229   4              ba = f % 10;
 230   4            }
 231   3          }
 232   2        }
 233   1        //chaxun
 234   1        dianya_max = Read_at(0x00);
 235   1          Delay1ms();
 236   1          dianya_min = Read_at(0x01);
 237   1          
 238   1          dianya_min = dianya_min * 100;
 239   1          dianya_max = dianya_max * 100;
 240   1        if(dianya >= dianya_max)
C51 COMPILER V9.56.0.0   MAIN                                                              05/19/2018 15:39:51 PAGE 5   

 241   1        {
 242   2          shijiancha = 1;
 243   2          sec = shijian[0];
 244   2          min = shijian[1];
 245   2          hour = shijian[2];
 246   2        }
 247   1        else if(dianya < dianya_min)
 248   1        {
 249   2          shijiancha = 2;
 250   2          sec = shijian[0];
 251   2          min = shijian[1];
 252   2          hour = shijian[2];
 253   2        }
 254   1      //  else
 255   1      //  {
 256   1      //    shijiancha = 0;
 257   1      //    sec = 5;
 258   1      //    min = 5;
 259   1      //    hour = 5;
 260   1      //  }
 261   1        if(chaxun_flag == 1)
 262   1        {
 263   2          if(cha_flag == 0)
 264   2          {
 265   3            yi = er = san = si = wu = liu = 11;
 266   3            if(shijiancha == 1)
 267   3            {
 268   4              qi = ba = 0;
 269   4            }
 270   3            else if(shijiancha == 2)
 271   3            {
 272   4              qi = 0;ba = 1;
 273   4            }
 274   3      //      else if(shijiancha == 0)
 275   3      //      {
 276   3      //        qi = ba = 5;
 277   3      //      }
 278   3          }
 279   2          else 
 280   2          {
 281   3            yi = hour / 10;
 282   3            er = hour % 10;
 283   3            san = 10;
 284   3            si = min / 10;
 285   3            wu = min % 10;
 286   3            liu = 10;
 287   3            qi = sec / 10;
 288   3            ba = sec % 10;
 289   3          }
 290   2        }
 291   1      }
 292          
 293          void main()
 294          {
 295   1        banzi_init();
 296   1        Write_ds1302();
 297   1        Timer0Init();
 298   1        Timer1Init();
 299   1        EA = 1;
 300   1        ET1 = 1;
 301   1      //  Write_at(0x00,20);
 302   1      //  Delay1ms();
C51 COMPILER V9.56.0.0   MAIN                                                              05/19/2018 15:39:51 PAGE 6   

 303   1      //  Write_at(0x01,10);
 304   1        while(1)
 305   1        {
 306   2          Read_ds1302();
 307   2          dianya = AD(0x03);
 308   2          dianya = dianya * 0.023 * 1000;//毫伏
 309   2          if(dianya > 5000)dianya = 5000;
 310   2          keyscan();
 311   2          display();
 312   2          xianshi();
 313   2        }
 314   1      }


MODULE INFORMATION:   STATIC OVERLAYABLE
   CODE SIZE        =   3025    ----
   CONSTANT SIZE    =     12    ----
   XDATA SIZE       =   ----    ----
   PDATA SIZE       =   ----    ----
   DATA SIZE        =     41       1
   IDATA SIZE       =   ----    ----
   BIT SIZE         =     11       1
END OF MODULE INFORMATION.


C51 COMPILATION COMPLETE.  0 WARNING(S),  0 ERROR(S)
