C51 COMPILER V9.00   MAIN                                                                  08/31/2017 17:38:28 PAGE 1   


C51 COMPILER V9.00, COMPILATION OF MODULE MAIN
OBJECT MODULE PLACED IN main.OBJ
COMPILER INVOKED BY: E:\keil\C51\BIN\C51.EXE main.c BROWSE DEBUG OBJECTEXTEND

line level    source

   1          #include<reg51.h>
   2          #include<intrins.h>
   3          #define uchar unsigned char
   4          #define uint unsigned int
   5          #include<TLC5615.c>
   6          uchar cp1,cp2;
   7          uint moni,dat;
   8          void timer0_init(void)
   9          {
  10   1              TMOD = 0x01;
  11   1              TL0 = (65536 - 2000) % 256;
  12   1              TH0 = (65536 - 2000) / 256;
  13   1              EA = 1;
  14   1              TR0 = 1;
  15   1              ET0 = 1;
  16   1      }
  17          void timer0_isr()interrupt 1
  18          {
  19   1              TL0 = (65536 - 2000) % 256;
  20   1              TH0 = (65536 - 2000) / 256;
  21   1              cp1++;
  22   1              if(cp1 >= 500)
  23   1              {
  24   2                      cp1 = 0;
  25   2                      tlc5615(dat);
  26   2                      if(dat >= 962)
  27   2                      dat = 0;
  28   2                      moni = dat * 0.489;
  29   2                      dat = dat + 10; 
  30   2              }       
  31   1              P0 = 0xff;
  32   1              switch(cp2)
  33   1              {
  34   2                      case 0: P0 = seven_seg[moni % 10];P2 = 0xfe;break;
  35   2                      case 1: P0 = seven_seg[moni / 10 % 10];P2 = 0xfd;break;
  36   2                      case 2: P0 = seven_seg[moni / 100] & 0x7f;P2 = 0xfb;break;
  37   2              }
  38   1              cp2++;
  39   1              if(cp2 >= 3)
  40   1              cp2 = 0;
  41   1      }
  42          void main(void)
  43          {
  44   1              timer0_init();
  45   1              while(1);
  46   1      }


MODULE INFORMATION:   STATIC OVERLAYABLE
   CODE SIZE        =    331    ----
   CONSTANT SIZE    =     10    ----
   XDATA SIZE       =   ----    ----
   PDATA SIZE       =   ----    ----
   DATA SIZE        =      6    ----
   IDATA SIZE       =   ----    ----
C51 COMPILER V9.00   MAIN                                                                  08/31/2017 17:38:28 PAGE 2   

   BIT SIZE         =   ----    ----
END OF MODULE INFORMATION.


C51 COMPILATION COMPLETE.  0 WARNING(S),  0 ERROR(S)
