C51 COMPILER V8.02   MAIN                                                                  01/16/2016 12:30:38 PAGE 1   


C51 COMPILER V8.02, COMPILATION OF MODULE MAIN
OBJECT MODULE PLACED IN main.OBJ
COMPILER INVOKED BY: G:\单片机软件\Keil\C51\BIN\C51.EXE main.c BROWSE DEBUG OBJECTEXTEND

line level    source

   1          //15单片机内部EEPROM使用，针对B105型实验开发板设计
   2          //可以在应用可编程（IAP），本项目利用IAP技术保存时分秒数据,然后再读出并显示
   3          //设计：单片机创新工作室----冷恩鑫设计，2015年12月15日
   4          #include<reg51.h>
   5          #include<reg51.h>
   6          #define uchar unsigned char
   7          #define uint unsigned int
   8          #include<display.c>
   9          #include<15fe2prom.c>
  10          uint cp1,cp3;
  11          void timer0_isr(void) interrupt 1
  12          {
  13   1              TH0 =  (65536 - 1000) / 256;
  14   1              TL0 =  (65536 - 1000) % 256;
  15   1              cp1++;
  16   1              if(cp1 >= 500)                                                  //半秒
  17   1              {
  18   2                      cp1 = 0;
  19   2                      cp3++;
  20   2                      flash = ~flash;
  21   2              }
  22   1              P0 = 0xff;
  23   1              display();                                                              //去显示
  24   1              cp2++;
  25   1              if(cp2 >= 8)cp2 = 0;                    
  26   1      }
  27          void timer0_init(void)
  28          {
  29   1              TMOD = 0x01;
  30   1              TH0 =  (65536 - 1000) / 256;
  31   1              TL0 =  (65536 - 1000) % 256;
  32   1              EA = 1;
  33   1              ET0 = 1;
  34   1              TR0 = 1;
  35   1      }
  36          void main(void)
  37          {
  38   1              timer0_init();
  39   1              hour = IAP_ReadByte(0xa800);                    //再读保存的时间
  40   1              min = read_dat_1b(0xaa00);
  41   1              sec = read_dat_1b(0xac00);
  42   1              while(1)
  43   1              {
  44   2                      if(cp3 >= 2)                                            //1秒到了
  45   2                      {       
  46   3                              cp3 = 0;
  47   3                              sec++;
  48   3      
  49   3                              if(sec >= 60){sec = 0;min++;}
  50   3                              if(min >= 60){min = 0;hour++;}
  51   3                              if(hour >= 24)hour = 0;
  52   3                              save_dat_1b(0xa800,20);                 //保存时间
  53   3      //                      save_dat_1b(0xaa00,30);
  54   3      //                      save_dat_1b(0xac00,10);
  55   3                              IAP_EraseSector(0xa800);
C51 COMPILER V8.02   MAIN                                                                  01/16/2016 12:30:38 PAGE 2   

  56   3                              IAP_WriteByte(0xa800,hour);
  57   3                              IAP_EraseSector(0xaa00);
  58   3                              IAP_WriteByte(0xaa00,min);
  59   3                              IAP_EraseSector(0xac00);
  60   3                              IAP_WriteByte(0xac00,sec);
  61   3                      }       
  62   2              }
  63   1      }


MODULE INFORMATION:   STATIC OVERLAYABLE
   CODE SIZE        =    510    ----
   CONSTANT SIZE    =     10    ----
   XDATA SIZE       =      7    ----
   PDATA SIZE       =   ----    ----
   DATA SIZE        =      5    ----
   IDATA SIZE       =   ----    ----
   BIT SIZE         =   ----    ----
END OF MODULE INFORMATION.


C51 COMPILATION COMPLETE.  0 WARNING(S),  0 ERROR(S)
