C51 COMPILER V9.00   流水灯                                                                05/07/2017 15:59:47 PAGE 1   


C51 COMPILER V9.00, COMPILATION OF MODULE 流水灯
OBJECT MODULE PLACED IN 流水灯.OBJ
COMPILER INVOKED BY: D:\安装目录\keil4\C51\BIN\C51.EXE 流水灯.c BROWSE DEBUG OBJECTEXTEND

line level    source

   1          #include<reg51.h>
   2          code unsigned char  LED[] = {0x01,0x02,0x04,0x08,0x10,0x20,0x40,0x80};     //流水灯数组
   3          void delay(unsigned int x)
   4          {
   5   1              while(x--);
   6   1      }
   7          void main()
   8          {
   9   1              unsigned char i;
  10   1              while(1)
  11   1              {
  12   2              P0 = LED[i];
  13   2              delay(5000);
  14   2              i++;
  15   2              if(i>=8)i=0;
  16   2              }
  17   1      
  18   1      }


MODULE INFORMATION:   STATIC OVERLAYABLE
   CODE SIZE        =     40    ----
   CONSTANT SIZE    =      8    ----
   XDATA SIZE       =   ----    ----
   PDATA SIZE       =   ----    ----
   DATA SIZE        =   ----       1
   IDATA SIZE       =   ----    ----
   BIT SIZE         =   ----    ----
END OF MODULE INFORMATION.


C51 COMPILATION COMPLETE.  0 WARNING(S),  0 ERROR(S)
