C51 COMPILER V9.00   4X4_醇卣_                                                           05/07/2017 17:06:01 PAGE 1   


C51 COMPILER V9.00, COMPILATION OF MODULE 4X4_醇卣_
OBJECT MODULE PLACED IN 4x4按键矩阵.OBJ
COMPILER INVOKED BY: D:\安装目录\keil4\C51\BIN\C51.EXE 4x4按键矩阵.c BROWSE DEBUG OBJECTEXTEND

line level    source

   1          #include<reg51.h>
   2          code P1_scan[]={0x7f,0xbf,0xdf,0xef}; //按键扫描数组
   3          
   4          code key_temp_value[]={0xee,0xed,0xeb,0xe7,0xde,0xdd,
   5                   0xdb,0xd7,0xbe,0xbd,0xbb,0xb7,0x7e,0x7d,0x7b,0x77};   //按键按下所对应的值
   6          
   7          code unsigned char seven_seg[10]={0xc0,0xf9,0xa4,0xb0,0x99,        
   8                     0x92,0x82,0xf8,0x80,0x90};
   9          void delay(unsigned int x)      
  10          {
  11   1              while(x--);
  12   1      }
  13          unsigned char key_scan()
  14          {
  15   1              unsigned i,j;
  16   1              for(i=0;i<4;i++)
  17   1              {
  18   2                      P1=P1_scan[i];
  19   2                      if(P1!=P1_scan[i])
  20   2                      {
  21   3                              delay(200);
  22   3                              if(P1!=P1_scan[i])
  23   3                              {
  24   4                                      for(j=0;j<16;j++)
  25   4                                      {
  26   5                                              if(P1==key_temp_value[j])
  27   5                                              return(j);
  28   5                                      }
  29   4                              }
  30   3                      }
  31   2              }
  32   1              return(88);
  33   1      }
  34          void display(unsigned char i)
  35          {
  36   1              P2=~0x01;P0 = seven_seg[i%10];
  37   1              delay(300);
  38   1              P2=~0x02;P0 = seven_seg[i/10];
  39   1              delay(300);
  40   1              P0 = 0xff;
  41   1      }
  42          void main()
  43          {
  44   1              unsigned char i;
  45   1              while(1)
  46   1              {
  47   2                      i = key_scan();
  48   2                      display(i);
  49   2              }
  50   1      } 


MODULE INFORMATION:   STATIC OVERLAYABLE
   CODE SIZE        =    202    ----
   CONSTANT SIZE    =     50    ----
C51 COMPILER V9.00   4X4_醇卣_                                                           05/07/2017 17:06:01 PAGE 2   

   XDATA SIZE       =   ----    ----
   PDATA SIZE       =   ----    ----
   DATA SIZE        =   ----       2
   IDATA SIZE       =   ----    ----
   BIT SIZE         =   ----    ----
END OF MODULE INFORMATION.


C51 COMPILATION COMPLETE.  0 WARNING(S),  0 ERROR(S)
