C51 COMPILER V9.56.0.0   MAIN                                                              10/10/2017 20:15:48 PAGE 1   


C51 COMPILER V9.56.0.0, COMPILATION OF MODULE MAIN
OBJECT MODULE PLACED IN main.OBJ
COMPILER INVOKED BY: E:\keil\C51\BIN\C51.EXE main.c OPTIMIZE(8,SPEED) BROWSE DEBUG OBJECTEXTEND TABS(2)

line level    source

   1          //AD转换器ADC0832应用，针对教材设计
   2          /*
   3             调节电位器R1可以产生一个模拟的0~5V电压源，输入ADC0832的CH0·端口，
   4          
   5             ADC0832转换后的数据范围为0~255，由三位数码管输出。ADC0832的DI
   6          
   7             与DO线与后接单片机的P3.2口，/CS接P3.0口，CLK接P3.1口。为了得到
   8          
   9             CH0通道转换得到的数据，程序中需要在CLK第2、3个下降沿来到时向DI
  10          
  11             发送1、0，然后才能接收ADC0832的转换数据，每次转换结束时让/CS 无效。
  12          */
  13          //实时读取ADC0832检测电压数据并显示
  14          //设计：单片机创新工作室--王曙光设计，2015年12月15日
  15          #include<reg51.h>
  16          #include<intrins.h>
  17          #include"ADC0832.c"
  18          #define uchar unsigned char                   //把 unsigned char 宏定义为 uchar
  19          code  uchar seven_seg[] = {0xc0,0xf9,0xa4,0xb0,0x99,
  20                        0x92,0x82,0xf8,0x80,0x90};      //数字0~9的显示方法
  21          uchar cp1,cp2,dat_ad;
  22          void timer0_init(void)                      // timer0中断初始化函数
  23          {
  24   1        TMOD = 0x01;
  25   1        TH0 = 0xec;
  26   1        TL0 = 0x78;
  27   1        TR0 = 1;
  28   1        EA  = 1;
  29   1        ET0 = 1;
  30   1      }
  31          void timer0_isr(void) interrupt 1               // timer0中断服务函数
  32          {
  33   1        TH0 = 0xec;
  34   1        TL0 = 0x78;
  35   1        cp1++;
  36   1        if(cp1 >= 100)                        //0.5秒
  37   1          {
  38   2            cp1 = 0;
  39   2            dat_ad = dac0832_ch0();               //0.5秒让ADC0832转换一次
  40   2          }
  41   1          P0 = 0xff;
  42   1          switch(cp2)
  43   1          {
  44   2            case 0:P0 = seven_seg[dat_ad  % 10];P2 = ~0x01;break;
  45   2            case 1:P0 = seven_seg[dat_ad % 100 / 10];P2 = ~0x02;break;
  46   2            case 2:P0 = seven_seg[dat_ad / 100];P2 = ~0x04;break;
  47   2          }
  48   1          cp2++;
  49   1          if(cp2 >= 3)
  50   1          cp2 = 0;
  51   1      }
  52          void main(void)                         //主函数 
  53          {
  54   1          timer0_init();
  55   1          dac0832_init(); 
C51 COMPILER V9.56.0.0   MAIN                                                              10/10/2017 20:15:48 PAGE 2   

  56   1          while(1);
  57   1      }
*** WARNING C294 IN LINE 32 OF main.c: unreachable code


MODULE INFORMATION:   STATIC OVERLAYABLE
   CODE SIZE        =    223    ----
   CONSTANT SIZE    =     10    ----
   XDATA SIZE       =   ----    ----
   PDATA SIZE       =   ----    ----
   DATA SIZE        =      3    ----
   IDATA SIZE       =   ----    ----
   BIT SIZE         =   ----    ----
END OF MODULE INFORMATION.


C51 COMPILATION COMPLETE.  1 WARNING(S),  0 ERROR(S)
