C51 COMPILER V8.02   MAIN                                                                  01/16/2016 11:45:41 PAGE 1   


C51 COMPILER V8.02, COMPILATION OF MODULE MAIN
OBJECT MODULE PLACED IN main.OBJ
COMPILER INVOKED BY: G:\单片机软件\Keil\C51\BIN\C51.EXE main.c BROWSE DEBUG OBJECTEXTEND

line level    source

   1          //PCF8591应用，教材和B105型实验开发板通用
   2          //DA转换
   3          //设计：单片机创新工作室--王曙光设计，2015年12月15日
   4          #include<reg51.h>
   5          #include<PCF8591.c>
   6          code uchar seven_seg[] = {0xc0,0xf9,0xa4,0xb0,0x99,
   7                                                                  0x92,0x82,0xf8,0x80,0x90};                      //共阳极数码管0~9显示数组
   8          uchar cp1,cp2,cp3;
   9          sbit P1_0 = P1^0;
  10          uint sec,temp,temp1;    
  11          void display(void)
  12          {                                                   
  13   1              switch(cp3)
  14   1              {
  15   2                      case 0: P0 = 0xff;                                                                              //消隐，只在软件仿真中用到
  16   2                                      P1_0 = 0;P0 = 0x01;P1_0 = 1;P1_0 = 0;
  17   2                                      P0 = seven_seg[sec % 10]; break;
  18   2                      case 1: P0 = 0xff;
  19   2                                      P1_0 = 0;P0 = 0x02;P1_0 = 1;P1_0 = 0;
  20   2                                      P0 = seven_seg[sec / 10 % 10]; break;
  21   2                      case 2: P0 = 0xff;
  22   2                                      P1_0 = 0;P0 = 0x04;P1_0 = 1;P1_0 = 0;
  23   2                                      P0 = seven_seg[sec / 100]& 0x7f; break; 
  24   2                      case 3: P0 = 0xff;
  25   2                                      P1_0 = 0;P0 = 0x08;P1_0 = 1;P1_0 = 0;
  26   2                                      P0 = 0xbf;break; 
  27   2                      case 4: P0 = 0xff;
  28   2                                      P1_0 = 0;P0 = 0x10;P1_0 = 1;P1_0 = 0;
  29   2                                      P0 = 0xbf;break;
  30   2                      case 5: P0 = 0xff;
  31   2                                      P1_0 = 0;P0 = 0x20;P1_0 = 1;P1_0 = 0;
  32   2                                      P0 = 0xbf;break; 
  33   2                      case 6: P0 = 0xff;               
  34   2                                      P1_0 = 0;P0 = 0x40;P1_0 = 1;P1_0 = 0;
  35   2                                      P0 = 0xbf;break;
  36   2                      case 7: P0 = 0xff;
  37   2                                      P1_0 = 0;P0 = 0x80;P1_0 = 1;P1_0 = 0;
  38   2                                      P0 = 0xbf;
  39   2                                      break;
  40   2              }
  41   1              cp3++;
  42   1              if(cp3 >= 8)cp3 = 0;
  43   1      }                          
  44          void timer0_isr(void) interrupt 1
  45          {       
  46   1              TH0 = (65536 - 2000) / 256;                                                                     //重装初值
  47   1              TL0 = (65536 - 2000) % 256;                                                                     //重装初值
  48   1              cp1++;                                                                                                          //中断1次，变量加1
  49   1              if(cp1 >=  250)                                                                                         //半秒到了       
  50   1              {
  51   2                      cp1 = 0;
  52   2                      temp = temp + 10;
  53   2                      if(temp >= 256)
  54   2                      temp = 0;
  55   2                      sec = AD_PCF8591(0x00);
C51 COMPILER V8.02   MAIN                                                                  01/16/2016 11:45:41 PAGE 2   

  56   2                      sec = sec*1.9767;       
  57   2              }
  58   1              display();
  59   1      }
  60          void timer0_init(void)
  61          {
  62   1              TMOD = 0x01;                                                                                            //T0工作方式1
  63   1              TH0 = (65536 - 2000) / 256;                                                                     //对机器脉冲计数2000个计满溢出引发中断
  64   1              TL0 = (65536 - 2000) % 256;
  65   1              EA = 1;                                                                                                         //开总中断
  66   1              ET0 = 1;                                                                                                        //开T0中断
  67   1              TR0 = 1;                                                                                                        //启动定时器T0
  68   1      }
  69          void main(void)                                                                                                 //主函数
  70          {
  71   1              timer0_init();
  72   1              while(1);                                                                                                       //等待中断  
  73   1      }


MODULE INFORMATION:   STATIC OVERLAYABLE
   CODE SIZE        =    507    ----
   CONSTANT SIZE    =     10    ----
   XDATA SIZE       =   ----    ----
   PDATA SIZE       =   ----    ----
   DATA SIZE        =      9    ----
   IDATA SIZE       =   ----    ----
   BIT SIZE         =   ----    ----
END OF MODULE INFORMATION.


C51 COMPILATION COMPLETE.  0 WARNING(S),  0 ERROR(S)
