C51 COMPILER V8.02   MAIN                                                                  10/23/2016 17:59:14 PAGE 1   


C51 COMPILER V8.02, COMPILATION OF MODULE MAIN
OBJECT MODULE PLACED IN main.OBJ
COMPILER INVOKED BY: C:\Keil\C51\BIN\C51.EXE main.c BROWSE DEBUG OBJECTEXTEND

line level    source

   1          //8位数码管动态显示
   2          //用8位共阳数码管在P0口以及74HC573芯片驱动下，显示0-7
   3          //河南科技学院-单片机协会，2016年10月9日                 
   4          #include<reg51.h>
   5          sbit P3_0 = P3^0;
   6          code unsigned char seven_seg[] = {0xc0,0xf9,0xa4,0xb0,0x99,0x92,
   7                                                                                  0x82,0xf8,0x80,0x90,0xbf,0xff}; //数字0~9的显示方法 
   8          unsigned int cp;
   9          unsigned char tp,sec = 30,min = 30,hour = 12;                                            
  10          
  11          void timer0_isr(void) interrupt 1       //中断服务函数
  12          {
  13   1              TH0 = (65535 - 2000) / 256;             //每次触发中断后从装初值，使下次对机器脉冲计数2000个计满溢出引发中断  约0.2m
             -s
  14   1              TL0 = (65535 - 2000) % 256;
  15   1              cp++;
  16   1              if(cp >= 500)
  17   1              {
  18   2                      cp = 0;
  19   2                      sec++;
  20   2                      if(sec >= 60){sec = 0;min++;}
  21   2                      if(min >= 60){min = 0;hour++;}
  22   2                      if(hour >= 24)hour = 0;
  23   2              }
  24   1              P0 = 0xff;
  25   1              switch(tp)
  26   1              {
  27   2                      case 0:P3_0 = 0;P0 = 0x01;P3_0 = 1;P3_0 = 0;P0 = seven_seg[sec % 10];break;     
  28   2                      case 1:P3_0 = 0;P0 = 0x02;P3_0 = 1;P3_0 = 0;P0 = seven_seg[sec / 10];break;     
  29   2                      case 2:P3_0 = 0;P0 = 0x04;P3_0 = 1;P3_0 = 0;P0 = 0xbf;break;    
  30   2                      case 3:P3_0 = 0;P0 = 0x08;P3_0 = 1;P3_0 = 0;P0 = seven_seg[min % 10];break;             
  31   2                      case 4:P3_0 = 0;P0 = 0x10;P3_0 = 1;P3_0 = 0;P0 = seven_seg[min / 10];break;     
  32   2                      case 5:P3_0 = 0;P0 = 0x20;P3_0 = 1;P3_0 = 0;P0 = 0xbf;break;    
  33   2                      case 6:P3_0 = 0;P0 = 0x40;P3_0 = 1;P3_0 = 0;P0 = seven_seg[hour % 10];break;            
  34   2                      case 7:P3_0 = 0;P0 = 0x80;P3_0 = 1;P3_0 = 0;P0 = seven_seg[hour / 10];break;    
  35   2              }
  36   1              tp++;if(tp >= 8)tp = 0;
  37   1      }
  38          void timer0_init(void)                          //中断初始化函数
  39          {
  40   1              TMOD = 0x01;                            //T0工作方式1
  41   1              TH0 = (65535 - 2000) / 256;             //对机器脉冲计数2000个计满溢出引发中断  约0.2ms
  42   1              TL0 = (65535 - 2000) % 256;
  43   1              EA = 1;                                         //开总中断
  44   1              ET0 = 1;                                        //开T0中断      
  45   1              TR0 = 1;                                        //启动定时器T0
  46   1      }
  47          void main(void)
  48          {       
  49   1              timer0_init();                          //中断初始化
  50   1              while(1);
  51   1      } 


MODULE INFORMATION:   STATIC OVERLAYABLE
C51 COMPILER V8.02   MAIN                                                                  10/23/2016 17:59:14 PAGE 2   

   CODE SIZE        =    282    ----
   CONSTANT SIZE    =     12    ----
   XDATA SIZE       =   ----    ----
   PDATA SIZE       =   ----    ----
   DATA SIZE        =      6    ----
   IDATA SIZE       =   ----    ----
   BIT SIZE         =   ----    ----
END OF MODULE INFORMATION.


C51 COMPILATION COMPLETE.  0 WARNING(S),  0 ERROR(S)
