C51 COMPILER V9.00   MAIN                                                                  05/16/2017 21:51:02 PAGE 1   


C51 COMPILER V9.00, COMPILATION OF MODULE MAIN
OBJECT MODULE PLACED IN main.OBJ
COMPILER INVOKED BY: D:\安装目录\keil4\C51\BIN\C51.EXE main.c BROWSE DEBUG OBJECTEXTEND

line level    source

   1          #include<reg51.h>
   2          #include<ds1302.c>
   3          
   4          unsigned char flash;
   5          unsigned char cp1,cp2,cp3;                                                                                                      //定义变量
   6          sbit P1_0 = P1^0;                                                                                                                       
   7          code unsigned char seven_seg[13] = {0xc0,0xf9,0xa4,0xb0,0x99,
   8                                                                                          0x92,0x82,0xf8,0x80,0x90,0xbf,0xff,0x7f};                       //数字0~9的显示方法
   9          code unsigned char scan[8] = {0x01,0x02,0x04,0x08,0x10,0x20,0x40,0x80};         //位选数组
  10          bit conv;
  11          
  12          void send(unsigned int x,unsigned int y)                                                                        //x表示位选，y表示段选
  13          {
  14   1              P1_0 = 0;
  15   1              P1_0 = 1;
  16   1              P0 = scan[x];
  17   1              P1_0 = 0;                                                                                                                               //P1.0端口高电平允许存储，P1.0为低电平保存存储
  18   1              P0 = seven_seg[y];                      
  19   1      }
  20          void time0_isr(void) interrupt 1                                                                                        //利用中断对数码管上显示的数据进行刷新
  21          {
  22   1              TH0 = (65536 - 2000) / 256;                                                                                        //TH0重置函数
  23   1              TL0 = (65536 - 2000) % 256;                                                                                       //TL0重置函数
  24   1              cp1++;
  25   1              if(cp1 >= 250)                                                                                                                  //0.5秒
  26   1              {
  27   2                      cp1 = 0;
  28   2                      flash = ~flash;                                                                                                         //产生闪烁变量
  29   2                      cp2++;
  30   2                      if(cp2 >= 5)
  31   2                      {  
  32   3                              cp2 = 0;
  33   3                              conv = ~conv;                                                                                           //产生交替显示变量      
  34   3                      }       
  35   2              }
  36   1              if(conv == 1)
  37   1              {
  38   2                      P0 = 0xff;
  39   2                      switch(cp3)
  40   2                      {
  41   3                              case 0: send(0,sec % 10);break;                                                         //显示秒个位
  42   3                              case 1: send(1,sec / 10);break;                                                         //显示秒十位
  43   3                              case 2: if(flash)send(2,11);                                                            //不显示
  44   3                                              else send(2,10);break;                                                          //显示 -
  45   3                              case 3: send(3,min % 10);break;                                                         //显示分个位
  46   3                              case 4: send(4,min / 10);break;                                                         //显示分十位
  47   3                              case 5: if(flash)send(5,11);                                                            //不显示
  48   3                                              else send(5,10);break;                                                          //显示 -
  49   3                              case 6: send(6,hour % 10);break;                                                        //显示小时个位
  50   3                              case 7: send(7,hour / 10);break;                                                        //显示小时十位          
  51   3                      }
  52   2              }
  53   1              else
  54   1              {       
  55   2                      P0 = 0xff;                                                                                                              //消隐
C51 COMPILER V9.00   MAIN                                                                  05/16/2017 21:51:02 PAGE 2   

  56   2                      switch(cp3)
  57   2                      {
  58   3                              case 0: send(0,date % 10);break;                                                                //显示天个位
  59   3                              case 1: send(1,date / 10);break;                                                                //显示天十位
  60   3                              case 2: send(2,month % 10);break;                                                               //显示月个位,
  61   3                              case 3: send(3,month / 10);break;                                                               //显示月十位
  62   3                              case 4: send(4,year % 10);break;                                                                //显示年个位
  63   3                              case 5: send(5,year / 10);break;                                                                //显示年十位
  64   3                              case 6: send(6,0);break;                                                                                //显示0
  65   3                              case 7: send(7,2);break;                                                                                //显示2
  66   3                      }
  67   2              }  
  68   1              cp3++;
  69   1              if(cp3 >= 8)cp3 = 0;                    
  70   1      }
  71          void timer0_init(void)                                                                                                          //Timer0初始化
  72          {                                                                                                                                                       //方式一
  73   1              TMOD = 0x01;                                                                                                                    //TH0 预置，65536十六进制低8位。
  74   1              TH0 = (65536 - 2000) / 256;                                                                                             //TL0 预置，65536十六进制低8位。
  75   1              TL0 = (65536 - 2000) % 256;
  76   1              TR0 = 1;                                                                                                                           //定时器T0开
  77   1              ET0 = 1;                                                                                                                           //溢出中断控制位T0开
  78   1              EA  = 1;                                                                                                                           //总开关打开
  79   1      }
  80          void main(void)
  81          {
  82   1              unsigned char i = 46;                                                                                   //举例，比如要调整时间，分钟设定为46分
  83   1              i = DEC_BCD_conv(i);
  84   1              timer0_init();
  85   1              write_ds1302_add_dat(0x8e,0x00);                                                        //写操作，可以对DS1302调整
  86   1              write_ds1302_add_dat(0x80,0x30);                                                                //写秒，30秒
  87   1              write_ds1302_add_dat(0x82,i);                                                           //写分，46分
  88   1              write_ds1302_add_dat(0x84,0x12);                                                                //写时，12时
  89   1              write_ds1302_add_dat(0x86,0x28);                                                                //写日，28日
  90   1              write_ds1302_add_dat(0x88,0x05);                                                                //写月，5月 
  91   1              write_ds1302_add_dat(0x8a,0x03);                                                                //写星期，星期三
  92   1              write_ds1302_add_dat(0x8c,0x12);                                                                //写年，（20）12年
  93   1              write_ds1302_add_dat(0x8e,0x80);                                                                //写保护
  94   1              while(1)
  95   1              {
  96   2                      get_ds1302_time();
  97   2              }
  98   1      }


MODULE INFORMATION:   STATIC OVERLAYABLE
   CODE SIZE        =    672    ----
   CONSTANT SIZE    =     21    ----
   XDATA SIZE       =   ----    ----
   PDATA SIZE       =   ----    ----
   DATA SIZE        =     11    ----
   IDATA SIZE       =   ----    ----
   BIT SIZE         =      1    ----
END OF MODULE INFORMATION.


C51 COMPILATION COMPLETE.  0 WARNING(S),  0 ERROR(S)
