BL51 BANKED LINKER/LOCATER V6.22                                                        05/07/2017  16:34:53  PAGE 1


BL51 BANKED LINKER/LOCATER V6.22, INVOKED BY:
D:\°²×°Ä¿Â¼\KEIL4\C51\BIN\BL51.EXE °´¼üÌ§ÆðÓÐÐ§.obj TO °´¼üÌ§ÆðÓÐÐ§


MEMORY MODEL: SMALL


INPUT MODULES INCLUDED:
  °´¼üÌ§ÆðÓÐÐ§.obj (_´¼üÌ§ÆðÓÐÐ§)
  D:\°²×°Ä¿Â¼\KEIL4\C51\LIB\C51S.LIB (?C_STARTUP)


LINK MAP OF MODULE:  °´¼üÌ§ÆðÓÐÐ§ (_´¼üÌ§ÆðÓÐÐ§)


            TYPE    BASE      LENGTH    RELOCATION   SEGMENT NAME
            -----------------------------------------------------

            * * * * * * *   D A T A   M E M O R Y   * * * * * * *
            REG     0000H     0008H     ABSOLUTE     "REG BANK 0"
            IDATA   0008H     0001H     UNIT         ?STACK

            * * * * * * *   C O D E   M E M O R Y   * * * * * * *
            CODE    0000H     0003H     ABSOLUTE     
            CODE    0003H     0013H     UNIT         ?PR?KEY?_´¼üÌ§ÆðÓÐÐ§
            CODE    0016H     000CH     UNIT         ?C_C51STARTUP
            CODE    0022H     000BH     UNIT         ?PR?_DELAY?_´¼üÌ§ÆðÓÐÐ§
            CODE    002DH     0008H     UNIT         ?PR?MAIN?_´¼üÌ§ÆðÓÐÐ§



OVERLAY MAP OF MODULE:   °´¼üÌ§ÆðÓÐÐ§ (_´¼üÌ§ÆðÓÐÐ§)


SEGMENT
  +--> CALLED SEGMENT
---------------------
?C_C51STARTUP
  +--> ?PR?MAIN?_´¼üÌ§ÆðÓÐÐ§

?PR?MAIN?_´¼üÌ§ÆðÓÐÐ§
  +--> ?PR?KEY?_´¼üÌ§ÆðÓÐÐ§

?PR?KEY?_´¼üÌ§ÆðÓÐÐ§
  +--> ?PR?_DELAY?_´¼üÌ§ÆðÓÐÐ§



SYMBOL TABLE OF MODULE:  °´¼üÌ§ÆðÓÐÐ§ (_´¼üÌ§ÆðÓÐÐ§)

  VALUE           TYPE          NAME
  ----------------------------------

  -------         MODULE        _´¼üÌ§ÆðÓÐÐ§
  C:0000H         SYMBOL        _ICE_DUMMY_
  D:0080H         PUBLIC        P0
  D:00A0H         PUBLIC        P2
  C:0022H         PUBLIC        _delay
BL51 BANKED LINKER/LOCATER V6.22                                                      05/07/2017  16:34:53  PAGE 2


  C:002DH         PUBLIC        main
  C:0003H         PUBLIC        key
  B:0080H.0       PUBLIC        LED
  B:00A0H.0       PUBLIC        key1
  -------         PROC          _DELAY
  D:0006H         SYMBOL        x
  C:0022H         LINE#         4
  C:0022H         LINE#         5
  C:0022H         LINE#         6
  C:002CH         LINE#         7
  -------         ENDPROC       _DELAY
  -------         PROC          KEY
  C:0003H         LINE#         8
  C:0003H         LINE#         9
  C:0003H         LINE#         10
  C:0006H         LINE#         11
  C:0006H         LINE#         12
  C:000DH         LINE#         13
  C:0010H         LINE#         14
  C:0010H         LINE#         15
  C:0013H         LINE#         16
  C:0015H         LINE#         17
  C:0015H         LINE#         18
  C:0015H         LINE#         19
  -------         ENDPROC       KEY
  -------         PROC          MAIN
  C:002DH         LINE#         20
  C:002DH         LINE#         21
  C:002DH         LINE#         22
  C:0030H         LINE#         23
  C:0030H         LINE#         24
  C:0030H         LINE#         25
  C:0033H         LINE#         26
  -------         ENDPROC       MAIN
  -------         ENDMOD        _´¼üÌ§ÆðÓÐÐ§

Program Size: data=9.0 xdata=0 code=53
LINK/LOCATE RUN COMPLETE.  0 WARNING(S),  0 ERROR(S)
