C51 COMPILER V9.56.0.0   MAIN                                                              10/25/2017 19:42:30 PAGE 1   


C51 COMPILER V9.56.0.0, COMPILATION OF MODULE MAIN
OBJECT MODULE PLACED IN main.OBJ
COMPILER INVOKED BY: E:\keil\C51\BIN\C51.EXE main.c OPTIMIZE(8,SPEED) BROWSE DEBUG OBJECTEXTEND TABS(2)

line level    source

   1          #include<reg51.h>
   2          #include<DEFINE.c>
   3          #include<KEY.c>
   4          #include<DISPLAY.c>
   5          void timer_isr()interrupt 1       //中断服务函数
   6          {
   7   1        TL0 = (65536-2000) %256;        //TL0重置函数
   8   1        TH0 = (65536-2000)/256;       //TH0重置函数
   9   1        cp++;
  10   1        if(cp>=250)       //0.5s
  11   1        {
  12   2          cp1++;
  13   2          cp = 0;
  14   2          flash = ~flash;        //0.5s  - 闪烁
  15   2          if(cp1>=2)    //1s
  16   2          {
  17   3            if(mode==0)      //调整时，时间停止
  18   3            sec++;
  19   3            cp1 = 0;
  20   3            if(sec>=60)     //1min
  21   3            {
  22   4              min++;
  23   4              sec = 0;
  24   4              if(min>60)   //1h
  25   4              {
  26   5                hour++;
  27   5                min = 0;
  28   5                if(hour>=24)hour = 0;
  29   5              }
  30   4            }
  31   3          }
  32   2        }
  33   1        P0 = 0xff;    //消隐
  34   1        switch(mode)
  35   1        {
  36   2          case 0:dis_play0();break;  //正常
  37   2          case 1:dis_play1();break;  //调时
  38   2          case 2:dis_play2();break;  //调分
  39   2          case 3:dis_play3();break;  //调秒
  40   2          case 4:dis_play4();break;  //调闹时
  41   2          case 5:dis_play5();break;  //调闹分
  42   2        }
  43   1        i++;
  44   1        if(i>=8)i = 0;  
  45   1      }
  46          void timer0_init()           //中断初始化函数
  47          {
  48   1        TMOD = 0x01;          //方式一
  49   1        TL0 = (65536-2000)%256;     //TL0 预置，65536十六进制低8位。
  50   1        TH0 = (65536-2000)/256;     //TH0 预置，65536十六进制高8位。
  51   1        EA = 1;             //CPU中断开放 ，总中断打开
  52   1        ET0 = 1;            //定时计数器T0的溢出终端控制位，T0中断打开
  53   1        TR0 = 1;            //定时计数器T0的启停控制位，启动T0
  54   1      }
  55          void main()
C51 COMPILER V9.56.0.0   MAIN                                                              10/25/2017 19:42:30 PAGE 2   

  56          {
  57   1        timer0_init();           //timer0初始化，为中断做准备
  58   1        while(1)
  59   1        {
  60   2          key();
  61   2          if(hour == hour_n && min == min_n)     //闹钟到时间，蜂鸣器响
  62   2          {
  63   3            P3_2 = !P3_2;
  64   3            delay(50);
  65   3          }
  66   2        }
  67   1      }


MODULE INFORMATION:   STATIC OVERLAYABLE
   CODE SIZE        =   2157    ----
   CONSTANT SIZE    =   ----    ----
   XDATA SIZE       =   ----    ----
   PDATA SIZE       =   ----    ----
   DATA SIZE        =     46    ----
   IDATA SIZE       =   ----    ----
   BIT SIZE         =   ----    ----
END OF MODULE INFORMATION.


C51 COMPILATION COMPLETE.  0 WARNING(S),  0 ERROR(S)
