C51 COMPILER V8.02   MAIN                                                                  01/16/2016 12:15:03 PAGE 1   


C51 COMPILER V8.02, COMPILATION OF MODULE MAIN
OBJECT MODULE PLACED IN main.OBJ
COMPILER INVOKED BY: G:\单片机软件\Keil\C51\BIN\C51.EXE main.c BROWSE DEBUG OBJECTEXTEND

line level    source

   1          //15单片机内部AD使用，针对B105型实验开发板设计
   2          //模拟信号采用实验板电位器VR1(接P1.1)产生一个0-5V电压
   3          //设计：单片机创新工作室--王曙光设计，2015年12月15日
   4          #include<reg51.h>
   5          #include<display.c>
   6          #include<15fad.c>
   7          unsigned int cp1;
   8          
   9          void timer0_isr(void) interrupt 1
  10          {
  11   1              TH0 =  (65536 - 1000) / 256;
  12   1              TL0 =  (65536 - 1000) % 256;
  13   1              cp1++;
  14   1              P0 = 0xff;
  15   1              display();
  16   1              cp2++;
  17   1              if(cp2 >= 8)cp2 = 0;            
  18   1      }
  19          void timer0_init(void)
  20          {
  21   1              TMOD = 0x01;
  22   1              TH0 =  (65536 - 1000) / 256;
  23   1              TL0 =  (65536 - 1000) % 256;
  24   1              EA = 1;
  25   1              ET0 = 1;
  26   1              TR0 = 1;
  27   1      }
  28          void main(void)
  29          {
  30   1              timer0_init();
  31   1              while(1)
  32   1              {
  33   2                      if(cp1 >= 500)//半秒
  34   2                      {
  35   3                              cp1 = 0;
  36   3                              ad_dat =  get_ad();//半秒得到一个转换后的数据，然后去显示
  37   3                      }
  38   2              }
  39   1      }


MODULE INFORMATION:   STATIC OVERLAYABLE
   CODE SIZE        =    302    ----
   CONSTANT SIZE    =   ----    ----
   XDATA SIZE       =      2    ----
   PDATA SIZE       =   ----    ----
   DATA SIZE        =     13    ----
   IDATA SIZE       =   ----    ----
   BIT SIZE         =   ----    ----
END OF MODULE INFORMATION.


C51 COMPILATION COMPLETE.  0 WARNING(S),  0 ERROR(S)
